Archive member included because of file (symbol)

libbb/lib.a(appletlib.o)      /opt/mips-4.3/bin/../mips-linux-gnu/libc/el/usr/lib/crt1.o (main)
libbb/lib.a(bb_basename.o)    libbb/lib.a(appletlib.o) (bb_basename)
libbb/lib.a(concat_path_file.o)
                              libbb/lib.a(appletlib.o) (concat_path_file)
libbb/lib.a(default_error_retval.o)
                              libbb/lib.a(appletlib.o) (xfunc_error_retval)
libbb/lib.a(error_msg_and_die.o)
                              libbb/lib.a(appletlib.o) (xfunc_die)
libbb/lib.a(get_last_path_component.o)
                              libbb/lib.a(appletlib.o) (bb_get_last_path_component_nostrip)
libbb/lib.a(last_char_is.o)   libbb/lib.a(concat_path_file.o) (last_char_is)
libbb/lib.a(messages.o)       libbb/lib.a(appletlib.o) (bb_banner)
libbb/lib.a(perror_msg.o)     libbb/lib.a(appletlib.o) (bb_simple_perror_msg)
libbb/lib.a(verror_msg.o)     libbb/lib.a(error_msg_and_die.o) (bb_verror_msg)
libbb/lib.a(xfuncs.o)         libbb/lib.a(concat_path_file.o) (xasprintf)
libbb/lib.a(xreadlink.o)      libbb/lib.a(appletlib.o) (xmalloc_readlink)
libbb/lib.a(copyfd.o)         libbb/lib.a(xfuncs.o) (bb_copyfd_eof)
libbb/lib.a(error_msg.o)      libbb/lib.a(xfuncs.o) (bb_error_msg)
libbb/lib.a(full_write.o)     libbb/lib.a(verror_msg.o) (full_write)
libbb/lib.a(perror_msg_and_die.o)
                              libbb/lib.a(xfuncs.o) (bb_perror_msg_and_die)
libbb/lib.a(read.o)           libbb/lib.a(copyfd.o) (safe_read)
libbb/lib.a(safe_poll.o)      libbb/lib.a(read.o) (safe_poll)
libbb/lib.a(safe_write.o)     libbb/lib.a(full_write.o) (safe_write)
loginutils/lib.a(adduser.o)   libbb/lib.a(appletlib.o) (adduser_main)
loginutils/lib.a(deluser.o)   libbb/lib.a(appletlib.o) (deluser_main)
loginutils/lib.a(getty.o)     libbb/lib.a(appletlib.o) (getty_main)
loginutils/lib.a(passwd.o)    libbb/lib.a(appletlib.o) (passwd_main)
loginutils/lib.a(vlock.o)     libbb/lib.a(appletlib.o) (vlock_main)
miscutils/lib.a(chrt.o)       libbb/lib.a(appletlib.o) (chrt_main)
miscutils/lib.a(crond.o)      libbb/lib.a(appletlib.o) (crond_main)
miscutils/lib.a(crontab.o)    libbb/lib.a(appletlib.o) (crontab_main)
miscutils/lib.a(eject.o)      libbb/lib.a(appletlib.o) (eject_main)
miscutils/lib.a(hdparm.o)     libbb/lib.a(appletlib.o) (hdparm_main)
miscutils/lib.a(last.o)       libbb/lib.a(appletlib.o) (last_main)
miscutils/lib.a(less.o)       libbb/lib.a(appletlib.o) (less_main)
miscutils/lib.a(makedevs.o)   libbb/lib.a(appletlib.o) (makedevs_main)
miscutils/lib.a(mountpoint.o)
                              libbb/lib.a(appletlib.o) (mountpoint_main)
miscutils/lib.a(runlevel.o)   libbb/lib.a(appletlib.o) (runlevel_main)
miscutils/lib.a(strings.o)    libbb/lib.a(appletlib.o) (strings_main)
miscutils/lib.a(time.o)       libbb/lib.a(appletlib.o) (time_main)
miscutils/lib.a(watchdog.o)   libbb/lib.a(appletlib.o) (watchdog_main)
modutils/lib.a(insmod.o)      libbb/lib.a(appletlib.o) (insmod_main)
modutils/lib.a(lsmod.o)       libbb/lib.a(appletlib.o) (lsmod_main)
modutils/lib.a(modprobe.o)    libbb/lib.a(appletlib.o) (modprobe_main)
modutils/lib.a(rmmod.o)       libbb/lib.a(appletlib.o) (rmmod_main)
networking/lib.a(ether-wake.o)
                              libbb/lib.a(appletlib.o) (ether_wake_main)
networking/lib.a(ftpgetput.o)
                              libbb/lib.a(appletlib.o) (ftpgetput_main)
networking/lib.a(hostname.o)  libbb/lib.a(appletlib.o) (hostname_main)
networking/lib.a(ifconfig.o)  libbb/lib.a(appletlib.o) (ifconfig_main)
networking/lib.a(ifupdown.o)  libbb/lib.a(appletlib.o) (ifupdown_main)
networking/lib.a(interface.o)
                              networking/lib.a(ifconfig.o) (display_interfaces)
networking/lib.a(ip.o)        libbb/lib.a(appletlib.o) (ip_main)
networking/lib.a(netstat.o)   libbb/lib.a(appletlib.o) (netstat_main)
networking/lib.a(ping.o)      libbb/lib.a(appletlib.o) (ping_main)
networking/lib.a(route.o)     networking/lib.a(netstat.o) (bb_displayroutes)
networking/lib.a(telnetd.o)   libbb/lib.a(appletlib.o) (telnetd_main)
networking/lib.a(wget.o)      libbb/lib.a(appletlib.o) (wget_main)
networking/lib.a(zcip.o)      libbb/lib.a(appletlib.o) (zcip_main)
networking/libiproute/lib.a(ip_parse_common_args.o)
                              networking/lib.a(ip.o) (ip_parse_common_args)
networking/libiproute/lib.a(ipaddress.o)
                              networking/lib.a(ip.o) (do_ipaddr)
networking/libiproute/lib.a(iplink.o)
                              networking/lib.a(ip.o) (do_iplink)
networking/libiproute/lib.a(iproute.o)
                              networking/lib.a(ip.o) (do_iproute)
networking/libiproute/lib.a(libnetlink.o)
                              networking/libiproute/lib.a(ipaddress.o) (parse_rtattr)
networking/libiproute/lib.a(ll_addr.o)
                              networking/libiproute/lib.a(iplink.o) (ll_addr_a2n)
networking/libiproute/lib.a(ll_map.o)
[...]
Memory Configuration

Name             Origin             Length             Attributes
*default*        0x0000000000000000 0xffffffffffffffff

Linker script and memory map

LOAD /opt/mips-4.3/bin/../mips-linux-gnu/libc/el/usr/lib/crt1.o
LOAD /opt/mips-4.3/bin/../mips-linux-gnu/libc/el/usr/lib/crti.o
LOAD /opt/mips-4.3/bin/../lib/gcc/mips-linux-gnu/4.3.2/el/crtbegin.o
START GROUP
LOAD applets/built-in.o
LOAD archival/lib.a
LOAD archival/libunarchive/lib.a
LOAD console-tools/lib.a
LOAD coreutils/lib.a
LOAD coreutils/libcoreutils/lib.a
LOAD debianutils/lib.a
LOAD e2fsprogs/lib.a
LOAD editors/lib.a
LOAD findutils/lib.a
LOAD init/lib.a
LOAD libbb/lib.a
LOAD libpwdgrp/lib.a
LOAD loginutils/lib.a
LOAD miscutils/lib.a
LOAD modutils/lib.a
LOAD networking/lib.a
LOAD networking/libiproute/lib.a
LOAD networking/udhcp/lib.a
LOAD printutils/lib.a
LOAD procps/lib.a
LOAD runit/lib.a
LOAD selinux/lib.a
LOAD shell/lib.a
LOAD sysklogd/lib.a
LOAD util-linux/lib.a
LOAD util-linux/volume_id/lib.a
LOAD archival/built-in.o
LOAD archival/libunarchive/built-in.o
LOAD console-tools/built-in.o
LOAD coreutils/built-in.o
LOAD coreutils/libcoreutils/built-in.o
LOAD debianutils/built-in.o
LOAD e2fsprogs/built-in.o
LOAD editors/built-in.o
LOAD findutils/built-in.o
LOAD init/built-in.o
LOAD libbb/built-in.o
LOAD libpwdgrp/built-in.o
LOAD loginutils/built-in.o
LOAD miscutils/built-in.o
LOAD modutils/built-in.o
LOAD networking/built-in.o
LOAD networking/libiproute/built-in.o
LOAD networking/udhcp/built-in.o
LOAD printutils/built-in.o
LOAD procps/built-in.o
LOAD runit/built-in.o
LOAD selinux/built-in.o
LOAD shell/built-in.o
LOAD sysklogd/built-in.o
LOAD util-linux/built-in.o
LOAD util-linux/volume_id/built-in.o
END GROUP
START GROUP
LOAD /opt/mips-4.3/bin/../mips-linux-gnu/libc/el/usr/lib/libcrypt.so
LOAD /opt/mips-4.3/bin/../mips-linux-gnu/libc/el/usr/lib/libm.so
END GROUP
LOAD /opt/mips-4.3/bin/../lib/gcc/mips-linux-gnu/4.3.2/el/libgcc.a
LOAD /opt/mips-4.3/bin/../lib/gcc/mips-linux-gnu/4.3.2/el/libgcc_eh.a
LOAD /opt/mips-4.3/bin/../mips-linux-gnu/libc/el/usr/lib/libc.so
START GROUP
LOAD /opt/mips-4.3/bin/../mips-linux-gnu/libc/el/lib/libc.so.6
LOAD /opt/mips-4.3/bin/../mips-linux-gnu/libc/el/usr/lib/libc_nonshared.a
LOAD /opt/mips-4.3/bin/../mips-linux-gnu/libc/el/lib/ld.so.1
END GROUP
LOAD /opt/mips-4.3/bin/../lib/gcc/mips-linux-gnu/4.3.2/el/libgcc.a
LOAD /opt/mips-4.3/bin/../lib/gcc/mips-linux-gnu/4.3.2/el/libgcc_eh.a
LOAD /opt/mips-4.3/bin/../lib/gcc/mips-linux-gnu/4.3.2/el/crtend.o
LOAD /opt/mips-4.3/bin/../mips-linux-gnu/libc/el/usr/lib/crtn.o
                0x0000000000400000                PROVIDE (__executable_start, 0x400000)
                0x0000000000400114                . = (0x400000 + SIZEOF_HEADERS)

.interp         0x0000000000400114        0xd
 *(SORT(.interp))
 .interp        0x0000000000400114        0xd /opt/mips-4.3/bin/../mips-linux-gnu/libc/el/usr/lib/crti.o

.reginfo
 *(SORT(.reginfo))

.note.gnu.build-id
 *(SORT(.note.gnu.build-id))

.dynamic        0x0000000000400124      0x128
 *(SORT(.dynamic))
 .dynamic       0x0000000000400124      0x128 /opt/mips-4.3/bin/../mips-linux-gnu/libc/el/usr/lib/crti.o
                0x0000000000400124                _DYNAMIC

.hash           0x000000000040024c      0x9f8
 *(SORT(.hash))
 .hash          0x000000000040024c      0x9f8 /opt/mips-4.3/bin/../mips-linux-gnu/libc/el/usr/lib/crti.o

.gnu.hash
 *(SORT(.gnu.hash))

.dynsym         0x0000000000400c44     0x1750
 *(SORT(.dynsym))
 .dynsym        0x0000000000400c44     0x1750 /opt/mips-4.3/bin/../mips-linux-gnu/libc/el/usr/lib/crti.o

.dynstr         0x0000000000402394      0xd3e
 *(SORT(.dynstr))
 .dynstr        0x0000000000402394      0xd3e /opt/mips-4.3/bin/../mips-linux-gnu/libc/el/usr/lib/crti.o

.gnu.version    0x00000000004030d2      0x2ea
 *(SORT(.gnu.version))
 .gnu.version   0x00000000004030d2      0x2ea /opt/mips-4.3/bin/../mips-linux-gnu/libc/el/usr/lib/crti.o

.gnu.version_d  0x00000000004033bc        0x0
 *(SORT(.gnu.version_d))
 .gnu.version_d
                0x0000000000000000        0x0 /opt/mips-4.3/bin/../mips-linux-gnu/libc/el/usr/lib/crti.o

.gnu.version_r  0x00000000004033bc       0xf0
 *(SORT(.gnu.version_r))
 .gnu.version_r
                0x00000000004033bc       0xf0 /opt/mips-4.3/bin/../mips-linux-gnu/libc/el/usr/lib/crti.o

.rel.dyn        0x00000000004034ac       0x50
 *(SORT(.rel.init))
 *(SORT(.rel.text) SORT(.rel.text.*) SORT(.rel.gnu.linkonce.t.*))
 *(SORT(.rel.fini))
 *(SORT(.rel.rodata) SORT(.rel.rodata.*) SORT(.rel.gnu.linkonce.r.*))
 *(SORT(.rel.data.rel.ro*) SORT(.rel.gnu.linkonce.d.rel.ro.*))
 *(SORT(.rel.data) SORT(.rel.data.*) SORT(.rel.gnu.linkonce.d.*))
 *(SORT(.rel.tdata) SORT(.rel.tdata.*) SORT(.rel.gnu.linkonce.td.*))
 *(SORT(.rel.tbss) SORT(.rel.tbss.*) SORT(.rel.gnu.linkonce.tb.*))
 *(SORT(.rel.ctors))
 *(SORT(.rel.dtors))
 *(SORT(.rel.got))
 *(SORT(.rel.dyn))
 .rel.dyn       0x00000000004034ac       0x50 /opt/mips-4.3/bin/../mips-linux-gnu/libc/el/usr/lib/crti.o
 *(SORT(.rel.sdata) SORT(.rel.sdata.*) SORT(.rel.gnu.linkonce.s.*))
 *(SORT(.rel.sbss) SORT(.rel.sbss.*) SORT(.rel.gnu.linkonce.sb.*))
 *(SORT(.rel.sdata2) SORT(.rel.sdata2.*) SORT(.rel.gnu.linkonce.s2.*))
 *(SORT(.rel.sbss2) SORT(.rel.sbss2.*) SORT(.rel.gnu.linkonce.sb2.*))
 *(SORT(.rel.bss) SORT(.rel.bss.*) SORT(.rel.gnu.linkonce.b.*))
 .rel.bss       0x0000000000000000        0x0 /opt/mips-4.3/bin/../mips-linux-gnu/libc/el/usr/lib/crti.o

.rela.dyn
 *(SORT(.rela.init))
 *(SORT(.rela.text) SORT(.rela.text.*) SORT(.rela.gnu.linkonce.t.*))
 *(SORT(.rela.fini))
 *(SORT(.rela.rodata) SORT(.rela.rodata.*) SORT(.rela.gnu.linkonce.r.*))
 *(SORT(.rela.data) SORT(.rela.data.*) SORT(.rela.gnu.linkonce.d.*))
 *(SORT(.rela.tdata) SORT(.rela.tdata.*) SORT(.rela.gnu.linkonce.td.*))
 *(SORT(.rela.tbss) SORT(.rela.tbss.*) SORT(.rela.gnu.linkonce.tb.*))
 *(SORT(.rela.ctors))
 *(SORT(.rela.dtors))
 *(SORT(.rela.got))
 *(SORT(.rela.sdata) SORT(.rela.sdata.*) SORT(.rela.gnu.linkonce.s.*))
 *(SORT(.rela.sbss) SORT(.rela.sbss.*) SORT(.rela.gnu.linkonce.sb.*))
 *(SORT(.rela.sdata2) SORT(.rela.sdata2.*) SORT(.rela.gnu.linkonce.s2.*))
 *(SORT(.rela.sbss2) SORT(.rela.sbss2.*) SORT(.rela.gnu.linkonce.sb2.*))
 *(SORT(.rela.bss) SORT(.rela.bss.*) SORT(.rela.gnu.linkonce.b.*))

.rel.plt        0x00000000004034fc      0xad8
 *(SORT(.rel.plt))
 .rel.plt       0x00000000004034fc      0xad8 /opt/mips-4.3/bin/../mips-linux-gnu/libc/el/usr/lib/crti.o

.rela.plt
 *(SORT(.rela.plt))

.init           0x0000000000403fd4       0x5c
 *(SORT(.init))
 .init          0x0000000000403fd4       0x30 /opt/mips-4.3/bin/../mips-linux-gnu/libc/el/usr/lib/crti.o
                0x0000000000403fd4                _init
 .init          0x0000000000404004       0x10 /opt/mips-4.3/bin/../lib/gcc/mips-linux-gnu/4.3.2/el/crtbegin.o
 .init          0x0000000000404014       0x10 /opt/mips-4.3/bin/../lib/gcc/mips-linux-gnu/4.3.2/el/crtend.o
 .init          0x0000000000404024        0xc /opt/mips-4.3/bin/../mips-linux-gnu/libc/el/usr/lib/crtn.o

.plt            0x0000000000404040     0x15d4
 *(SORT(.plt))
 .plt           0x0000000000404040     0x15d4 /opt/mips-4.3/bin/../mips-linux-gnu/libc/el/usr/lib/crti.o
                0x0000000000404060                fileno@@GLIBC_2.0
                0x0000000000404070                getpagesize@@GLIBC_2.0
                0x0000000000404080                umount2@@GLIBC_2.2
                0x0000000000404090                fputs@@GLIBC_2.0
                0x00000000004040a0                abort@@GLIBC_2.0
                0x00000000004040b0                __errno_location@@GLIBC_2.0
                0x00000000004040c0                setmntent@@GLIBC_2.0
                0x00000000004040d0                semget@@GLIBC_2.0
                0x00000000004040e0                sigemptyset@@GLIBC_2.0
                0x00000000004040f0                inet_ntop@@GLIBC_2.0
                0x0000000000404100                init_module@@GLIBC_2.0
                0x0000000000404110                srand@@GLIBC_2.0
                0x0000000000404120                connect@@GLIBC_2.0
                0x0000000000404130                isprint@@GLIBC_2.0
                0x0000000000404140                clnt_spcreateerror@@GLIBC_2.0
                0x0000000000404150                getpid@@GLIBC_2.0
                0x0000000000404160                mkdir@@GLIBC_2.0
                0x0000000000404170                isalpha@@GLIBC_2.0
                0x0000000000404180                strerror@@GLIBC_2.0
                0x0000000000404190                setbuf@@GLIBC_2.0
                0x00000000004041a0                getsockname@@GLIBC_2.0
                0x00000000004041b0                regfree@@GLIBC_2.0
                0x00000000004041c0                strcoll@@GLIBC_2.0
                0x00000000004041d0                sysconf@@GLIBC_2.0
                0x00000000004041e0                memcmp@@GLIBC_2.0
                0x00000000004041f0                qsort@@GLIBC_2.0
                0x0000000000404200                inet_ntoa@@GLIBC_2.0
                0x0000000000404210                freeaddrinfo@@GLIBC_2.0
                0x0000000000404220                getchar@@GLIBC_2.0
                0x0000000000404230                bsearch@@GLIBC_2.0
                0x0000000000404240                unlockpt@@GLIBC_2.2
                0x0000000000404250                msgget@@GLIBC_2.0
                0x0000000000404260                __vprintf_chk@@GLIBC_2.3.4
                0x0000000000404270                clnttcp_create@@GLIBC_2.0
                0x0000000000404280                __fprintf_chk@@GLIBC_2.3.4
                0x0000000000404290                signal@@GLIBC_2.0
                0x00000000004042a0                syscall@@GLIBC_2.0
                0x00000000004042b0                fdopen@@GLIBC_2.2
                0x00000000004042c0                ispunct@@GLIBC_2.0
                0x00000000004042d0                realloc@@GLIBC_2.0
                0x00000000004042e0                strsep@@GLIBC_2.0
                0x00000000004042f0                sched_yield@@GLIBC_2.0
                0x0000000000404300                grantpt@@GLIBC_2.2
                0x0000000000404310                pivot_root@@GLIBC_2.2.1
                0x0000000000404320                sync@@GLIBC_2.0
                0x0000000000404330                rewind@@GLIBC_2.0
                0x0000000000404340                unsetenv@@GLIBC_2.0
                0x0000000000404350                isspace@@GLIBC_2.0
                0x0000000000404360                localtime@@GLIBC_2.0
                0x0000000000404370                cfgetispeed@@GLIBC_2.0
                0x0000000000404380                __printf_chk@@GLIBC_2.3.4
                0x0000000000404390                getgrnam@@GLIBC_2.0
                0x00000000004043a0                dirname@@GLIBC_2.0
                0x00000000004043b0                strtod@@GLIBC_2.0
                0x00000000004043c0                strchr@@GLIBC_2.0
                0x00000000004043d0                getenv@@GLIBC_2.0
                0x00000000004043e0                strptime@@GLIBC_2.0
                0x00000000004043f0                inet_addr@@GLIBC_2.0
                0x0000000000404400                system@@GLIBC_2.0
                0x0000000000404410                strncpy@@GLIBC_2.0
                0x0000000000404420                query_module@@GLIBC_2.0
                0x0000000000404430                putchar@@GLIBC_2.0
                0x0000000000404440                swapon@@GLIBC_2.0
                0x0000000000404450                fchown@@GLIBC_2.0
                0x0000000000404460                ttyname@@GLIBC_2.0
                0x0000000000404470                getspnam_r@@GLIBC_2.2
                0x0000000000404480                write@@GLIBC_2.0
                0x0000000000404490                tzset@@GLIBC_2.0
                0x00000000004044a0                sendto@@GLIBC_2.0
                0x00000000004044b0                pow@@GLIBC_2.0
                0x00000000004044c0                listen@@GLIBC_2.0
                0x00000000004044d0                lseek64@@GLIBC_2.2
                0x00000000004044e0                gnu_dev_minor@@GLIBC_2.3.3
                0x00000000004044f0                toupper@@GLIBC_2.0
                0x0000000000404500                sendmsg@@GLIBC_2.0
                0x0000000000404510                fgets@@GLIBC_2.0
                0x0000000000404520                rename@@GLIBC_2.0
                0x0000000000404530                regexec@@GLIBC_2.3.4
                0x0000000000404540                sched_setscheduler@@GLIBC_2.0
                0x0000000000404550                memset@@GLIBC_2.0
                0x0000000000404560                freopen64@@GLIBC_2.2
                0x0000000000404570                setsid@@GLIBC_2.0
                0x0000000000404580                sched_getscheduler@@GLIBC_2.0
                0x0000000000404590                sched_get_priority_max@@GLIBC_2.0
                0x00000000004045a0                creat64@@GLIBC_2.2
                0x00000000004045b0                __libc_start_main@@GLIBC_2.0
                0x00000000004045c0                clnt_sperror@@GLIBC_2.0
                0x00000000004045d0                execl@@GLIBC_2.0
                0x00000000004045e0                _IO_getc@@GLIBC_2.0
                0x00000000004045f0                wait@@GLIBC_2.0
                0x0000000000404600                __memcpy_chk@@GLIBC_2.3.4
                0x0000000000404610                _exit@@GLIBC_2.0
                0x0000000000404620                strrchr@@GLIBC_2.0
                0x0000000000404630                mount@@GLIBC_2.0
                0x0000000000404640                uname@@GLIBC_2.0
                0x0000000000404650                tcgetattr@@GLIBC_2.0
                0x0000000000404660                popen@@GLIBC_2.2
                0x0000000000404670                chmod@@GLIBC_2.0
                0x0000000000404680                xdr_int@@GLIBC_2.0
                0x0000000000404690                iscntrl@@GLIBC_2.0
                0x00000000004046a0                __vsnprintf_chk@@GLIBC_2.3.4
                0x00000000004046b0                getopt_long_only@@GLIBC_2.0
                0x00000000004046c0                setrlimit64@@GLIBC_2.2
                0x00000000004046d0                read@@GLIBC_2.0
                0x00000000004046e0                authunix_create_default@@GLIBC_2.0
                0x00000000004046f0                strtoll@@GLIBC_2.0
                0x0000000000404700                umount@@GLIBC_2.0
                0x0000000000404710                perror@@GLIBC_2.0
                0x0000000000404720                __strcat_chk@@GLIBC_2.3.4
                0x0000000000404730                exp@@GLIBC_2.0
                0x0000000000404740                ungetc@@GLIBC_2.0
                0x0000000000404750                usleep@@GLIBC_2.0
                0x0000000000404760                swapoff@@GLIBC_2.0
                0x0000000000404770                xdr_opaque@@GLIBC_2.0
                0x0000000000404780                gettimeofday@@GLIBC_2.0
                0x0000000000404790                ptsname@@GLIBC_2.2
                0x00000000004047a0                strtol@@GLIBC_2.0
                0x00000000004047b0                tcsetpgrp@@GLIBC_2.0
                0x00000000004047c0                getservbyport@@GLIBC_2.0
                0x00000000004047d0                __ctype_toupper_loc@@GLIBC_2.3
                0x00000000004047e0                hstrerror@@GLIBC_2.0
                0x00000000004047f0                free@@GLIBC_2.0
                0x0000000000404800                strtoull@@GLIBC_2.0
                0x0000000000404810                siglongjmp@@GLIBC_2.0
                0x0000000000404820                inet_pton@@GLIBC_2.0
                0x0000000000404830                shmctl@@GLIBC_2.2
                0x0000000000404840                execle@@GLIBC_2.0
                0x0000000000404850                bindresvport@@GLIBC_2.0
                0x0000000000404860                openlog@@GLIBC_2.0
                0x0000000000404870                ether_aton@@GLIBC_2.0
                0x0000000000404880                setpgid@@GLIBC_2.0
                0x0000000000404890                access@@GLIBC_2.0
                0x00000000004048a0                semctl@@GLIBC_2.2
                0x00000000004048b0                gethostid@@GLIBC_2.0
                0x00000000004048c0                sigaction@@GLIBC_2.0
                0x00000000004048d0                setpriority@@GLIBC_2.0
                0x00000000004048e0                fflush@@GLIBC_2.0
                0x00000000004048f0                sqrt@@GLIBC_2.0
                0x0000000000404900                __vfprintf_chk@@GLIBC_2.3.4
                0x0000000000404910                regcomp@@GLIBC_2.0
                0x0000000000404920                opendir@@GLIBC_2.0
                0x0000000000404930                getopt_long@@GLIBC_2.0
                0x0000000000404940                accept@@GLIBC_2.0
                0x0000000000404950                tcflush@@GLIBC_2.0
                0x0000000000404960                symlink@@GLIBC_2.0
                0x0000000000404970                ioctl@@GLIBC_2.0
                0x0000000000404980                socket@@GLIBC_2.0
                0x0000000000404990                dup2@@GLIBC_2.0
                0x00000000004049a0                fseek@@GLIBC_2.0
                0x00000000004049b0                inet_aton@@GLIBC_2.0
                0x00000000004049c0                getpriority@@GLIBC_2.0
                0x00000000004049d0                ftruncate64@@GLIBC_2.2
                0x00000000004049e0                execlp@@GLIBC_2.0
                0x00000000004049f0                isatty@@GLIBC_2.0
                0x0000000000404a00                isblank@@GLIBC_2.0
                0x0000000000404a10                realpath@@GLIBC_2.3
                0x0000000000404a20                strsignal@@GLIBC_2.0
                0x0000000000404a30                putpwent@@GLIBC_2.0
                0x0000000000404a40                vfork@@GLIBC_2.0
                0x0000000000404a50                getaddrinfo@@GLIBC_2.0
                0x0000000000404a60                umask@@GLIBC_2.0
                0x0000000000404a70                __vsprintf_chk@@GLIBC_2.3.4
                0x0000000000404a80                sethostname@@GLIBC_2.0
                0x0000000000404a90                setuid@@GLIBC_2.0
                0x0000000000404aa0                dup@@GLIBC_2.0
                0x0000000000404ab0                _setjmp@@GLIBC_2.0
                0x0000000000404ac0                tcgetpgrp@@GLIBC_2.0
                0x0000000000404ad0                mktime@@GLIBC_2.0
                0x0000000000404ae0                fsync@@GLIBC_2.0
                0x0000000000404af0                readdir64@@GLIBC_2.2
                0x0000000000404b00                fclose@@GLIBC_2.2
                0x0000000000404b10                getopt@@GLIBC_2.0
                0x0000000000404b20                xdr_enum@@GLIBC_2.0
                0x0000000000404b30                clntudp_create@@GLIBC_2.0
                0x0000000000404b40                memcpy@@GLIBC_2.0
                0x0000000000404b50                cfsetospeed@@GLIBC_2.0
                0x0000000000404b60                utime@@GLIBC_2.0
                0x0000000000404b70                execv@@GLIBC_2.0
                0x0000000000404b80                getnameinfo@@GLIBC_2.2
                0x0000000000404b90                reboot@@GLIBC_2.0
                0x0000000000404ba0                strtoul@@GLIBC_2.0
                0x0000000000404bb0                execvp@@GLIBC_2.0
                0x0000000000404bc0                strlen@@GLIBC_2.0
                0x0000000000404bd0                getdomainname@@GLIBC_2.0
                0x0000000000404be0                cos@@GLIBC_2.0
                0x0000000000404bf0                alarm@@GLIBC_2.0
                0x0000000000404c00                mkdtemp@@GLIBC_2.2
                0x0000000000404c10                unlink@@GLIBC_2.0
                0x0000000000404c20                getpwuid@@GLIBC_2.0
                0x0000000000404c30                sched_getparam@@GLIBC_2.0
                0x0000000000404c40                getppid@@GLIBC_2.0
                0x0000000000404c50                if_nametoindex@@GLIBC_2.2
                0x0000000000404c60                setlocale@@GLIBC_2.0
                0x0000000000404c70                waitpid@@GLIBC_2.0
                0x0000000000404c80                clearerr@@GLIBC_2.0
                0x0000000000404c90                __h_errno_location@@GLIBC_2.0
                0x0000000000404ca0                fgetc@@GLIBC_2.0
                0x0000000000404cb0                __xpg_basename@@GLIBC_2.0
                0x0000000000404cc0                stime@@GLIBC_2.0
                0x0000000000404cd0                feof@@GLIBC_2.0
                0x0000000000404ce0                chroot@@GLIBC_2.0
                0x0000000000404cf0                strcpy@@GLIBC_2.0
                0x0000000000404d00                getegid@@GLIBC_2.0
                0x0000000000404d10                ftell@@GLIBC_2.0
                0x0000000000404d20                longjmp@@GLIBC_2.0
                0x0000000000404d30                pmap_getmaps@@GLIBC_2.0
                0x0000000000404d40                killpg@@GLIBC_2.0
                0x0000000000404d50                chdir@@GLIBC_2.0
                0x0000000000404d60                ctime@@GLIBC_2.0
                0x0000000000404d70                div@@GLIBC_2.0
                0x0000000000404d80                bind@@GLIBC_2.0
                0x0000000000404d90                getuid@@GLIBC_2.0
                0x0000000000404da0                raise@@GLIBC_2.0
                0x0000000000404db0                create_module@@GLIBC_2.0
                0x0000000000404dc0                gethostbyaddr@@GLIBC_2.0
                0x0000000000404dd0                atoi@@GLIBC_2.0
                0x0000000000404de0                putenv@@GLIBC_2.0
                0x0000000000404df0                wait3@@GLIBC_2.0
                0x0000000000404e00                __strcpy_chk@@GLIBC_2.3.4
                0x0000000000404e10                xdr_bytes@@GLIBC_2.0
                0x0000000000404e20                strcasecmp@@GLIBC_2.0
                0x0000000000404e30                mkstemp64@@GLIBC_2.2
                0x0000000000404e40                __syslog_chk@@GLIBC_2.4
                0x0000000000404e50                getutent@@GLIBC_2.0
                0x0000000000404e60                regerror@@GLIBC_2.0
                0x0000000000404e70                select@@GLIBC_2.0
                0x0000000000404e80                getmntent_r@@GLIBC_2.0
                0x0000000000404e90                closedir@@GLIBC_2.0
                0x0000000000404ea0                close@@GLIBC_2.0
                0x0000000000404eb0                fwrite@@GLIBC_2.0
                0x0000000000404ec0                xdr_string@@GLIBC_2.0
                0x0000000000404ed0                isalnum@@GLIBC_2.0
                0x0000000000404ee0                __dprintf_chk@@GLIBC_2.8
                0x0000000000404ef0                initgroups@@GLIBC_2.0
                0x0000000000404f00                strstr@@GLIBC_2.0
                0x0000000000404f10                time@@GLIBC_2.0
                0x0000000000404f20                __open64_2@@GLIBC_2.7
                0x0000000000404f30                execve@@GLIBC_2.0
                0x0000000000404f40                malloc@@GLIBC_2.0
                0x0000000000404f50                sigprocmask@@GLIBC_2.0
                0x0000000000404f60                endmntent@@GLIBC_2.0
                0x0000000000404f70                __vsyslog_chk@@GLIBC_2.4
                0x0000000000404f80                isupper@@GLIBC_2.0
                0x0000000000404f90                isgraph@@GLIBC_2.0
                0x0000000000404fa0                sched_get_priority_min@@GLIBC_2.0
                0x0000000000404fb0                getmntent@@GLIBC_2.0
                0x0000000000404fc0                ftello64@@GLIBC_2.2
                0x0000000000404fd0                msgctl@@GLIBC_2.2
                0x0000000000404fe0                pclose@@GLIBC_2.2
                0x0000000000404ff0                munlock@@GLIBC_2.0
                0x0000000000405000                __memset_chk@@GLIBC_2.3.4
                0x0000000000405010                atan2@@GLIBC_2.0
                0x0000000000405020                fputc@@GLIBC_2.0
                0x0000000000405030                memrchr@@GLIBC_2.2
                0x0000000000405040                xdr_u_int@@GLIBC_2.0
                0x0000000000405050                rmdir@@GLIBC_2.0
                0x0000000000405060                strtok@@GLIBC_2.0
                0x0000000000405070                strnlen@@GLIBC_2.0
                0x0000000000405080                poll@@GLIBC_2.0
                0x0000000000405090                getgrgid@@GLIBC_2.0
                0x00000000004050a0                sleep@@GLIBC_2.0
                0x00000000004050b0                sigaddset@@GLIBC_2.0
                0x00000000004050c0                readlink@@GLIBC_2.0
                0x00000000004050d0                strncasecmp@@GLIBC_2.0
                0x00000000004050e0                memmove@@GLIBC_2.0
                0x00000000004050f0                cfgetospeed@@GLIBC_2.0
                0x0000000000405100                endutent@@GLIBC_2.0
                0x0000000000405110                __ctype_tolower_loc@@GLIBC_2.3
                0x0000000000405120                strcat@@GLIBC_2.0
                0x0000000000405130                getcwd@@GLIBC_2.0
                0x0000000000405140                sigfillset@@GLIBC_2.0
                0x0000000000405150                ether_hostton@@GLIBC_2.0
                0x0000000000405160                statfs64@@GLIBC_2.2
                0x0000000000405170                settimeofday@@GLIBC_2.0
                0x0000000000405180                log@@GLIBC_2.0
                0x0000000000405190                puts@@GLIBC_2.0
                0x00000000004051a0                recvmsg@@GLIBC_2.0
                0x00000000004051b0                fork@@GLIBC_2.0
                0x00000000004051c0                utmpname@@GLIBC_2.0
                0x00000000004051d0                gnu_dev_major@@GLIBC_2.3.3
                0x00000000004051e0                setsockopt@@GLIBC_2.0
                0x00000000004051f0                pmap_getport@@GLIBC_2.0
                0x0000000000405200                tcsetattr@@GLIBC_2.0
                0x0000000000405210                fcntl@@GLIBC_2.0
                0x0000000000405220                updwtmp@@GLIBC_2.0
                0x0000000000405230                getrlimit64@@GLIBC_2.2
                0x0000000000405240                gnu_dev_makedev@@GLIBC_2.3.3
                0x0000000000405250                rand@@GLIBC_2.0
                0x0000000000405260                strspn@@GLIBC_2.0
                0x0000000000405270                delete_module@@GLIBC_2.0
                0x0000000000405280                sscanf@@GLIBC_2.0
                0x0000000000405290                gmtime@@GLIBC_2.0
                0x00000000004052a0                fscanf@@GLIBC_2.0
                0x00000000004052b0                getgroups@@GLIBC_2.0
                0x00000000004052c0                __sprintf_chk@@GLIBC_2.3.4
                0x00000000004052d0                memchr@@GLIBC_2.0
                0x00000000004052e0                fnmatch@@GLIBC_2.2.3
                0x00000000004052f0                strncmp@@GLIBC_2.0
                0x0000000000405300                open64@@GLIBC_2.2
                0x0000000000405310                lchown@@GLIBC_2.0
                0x0000000000405320                crypt@@GLIBC_2.0
                0x0000000000405330                setutent@@GLIBC_2.0
                0x0000000000405340                __realpath_chk@@GLIBC_2.4
                0x0000000000405350                link@@GLIBC_2.0
                0x0000000000405360                __snprintf_chk@@GLIBC_2.3.4
                0x0000000000405370                _IO_putc@@GLIBC_2.0
                0x0000000000405380                mlock@@GLIBC_2.0
                0x0000000000405390                strpbrk@@GLIBC_2.0
                0x00000000004053a0                xdr_array@@GLIBC_2.0
                0x00000000004053b0                pipe@@GLIBC_2.0
                0x00000000004053c0                fread@@GLIBC_2.0
                0x00000000004053d0                strftime@@GLIBC_2.0
                0x00000000004053e0                setgid@@GLIBC_2.0
                0x00000000004053f0                snprintf@@GLIBC_2.0
                0x0000000000405400                kill@@GLIBC_2.0
                0x0000000000404040                _PROCEDURE_LINKAGE_TABLE_
                0x0000000000405410                times@@GLIBC_2.0
                0x0000000000405420                strchrnul@@GLIBC_2.2
                0x0000000000405430                strcspn@@GLIBC_2.0
                0x0000000000405440                sin@@GLIBC_2.0
                0x0000000000405450                strdup@@GLIBC_2.0
                0x0000000000405460                gethostbyname@@GLIBC_2.0
                0x0000000000405470                chown@@GLIBC_2.0
                0x0000000000405480                recvfrom@@GLIBC_2.0
                0x0000000000405490                ferror@@GLIBC_2.0
                0x00000000004054a0                sysinfo@@GLIBC_2.0
                0x00000000004054b0                getpwnam@@GLIBC_2.0
                0x00000000004054c0                tolower@@GLIBC_2.0
                0x00000000004054d0                strcmp@@GLIBC_2.0
                0x00000000004054e0                __sigsetjmp@@GLIBC_2.0
                0x00000000004054f0                getservbyname@@GLIBC_2.0
                0x0000000000405500                setenv@@GLIBC_2.0
                0x0000000000405510                exit@@GLIBC_2.0
                0x0000000000405520                cfsetispeed@@GLIBC_2.0
                0x0000000000405530                difftime@@GLIBC_2.0
                0x0000000000405540                endgrent@@GLIBC_2.0
                0x0000000000405550                fchmod@@GLIBC_2.0
                0x0000000000405560                __vasprintf_chk@@GLIBC_2.8
                0x0000000000405570                __strncat_chk@@GLIBC_2.3.4
                0x0000000000405580                islower@@GLIBC_2.0
                0x0000000000405590                sigsuspend@@GLIBC_2.0
                0x00000000004055a0                fopen64@@GLIBC_2.2
                0x00000000004055b0                getpgrp@@GLIBC_2.0
                0x00000000004055c0                getgid@@GLIBC_2.0
                0x00000000004055d0                shmget@@GLIBC_2.0
                0x00000000004055e0                getsid@@GLIBC_2.0
                0x00000000004055f0                pututline@@GLIBC_2.0
                0x0000000000405600                geteuid@@GLIBC_2.0

.text           0x0000000000405620    0x8ab38
                0x0000000000405620                _ftext = .
 *(SORT(.text) SORT(.stub) SORT(.text.*) SORT(.gnu.linkonce.t.*))
 .text          0x0000000000405620       0x50 /opt/mips-4.3/bin/../mips-linux-gnu/libc/el/usr/lib/crt1.o
                0x0000000000405620                __start
 .text          0x0000000000405670       0xd0 /opt/mips-4.3/bin/../lib/gcc/mips-linux-gnu/4.3.2/el/crtbegin.o
 .text          0x0000000000405740       0x60 /opt/mips-4.3/bin/../lib/gcc/mips-linux-gnu/4.3.2/el/libgcc.a(_lshrdi3.o)
                0x0000000000405740                __lshrdi3
 .text          0x00000000004057a0       0x50 /opt/mips-4.3/bin/../lib/gcc/mips-linux-gnu/4.3.2/el/libgcc.a(_ashldi3.o)
                0x00000000004057a0                __ashldi3
 .text          0x00000000004057f0      0x4b0 /opt/mips-4.3/bin/../lib/gcc/mips-linux-gnu/4.3.2/el/libgcc.a(_divdi3.o)
                0x00000000004057f0                __divdi3
 .text          0x0000000000405ca0      0x4f0 /opt/mips-4.3/bin/../lib/gcc/mips-linux-gnu/4.3.2/el/libgcc.a(_moddi3.o)
                0x0000000000405ca0                __moddi3
 .text          0x0000000000406190      0x430 /opt/mips-4.3/bin/../lib/gcc/mips-linux-gnu/4.3.2/el/libgcc.a(_udivdi3.o)
                0x0000000000406190                __udivdi3
 .text          0x00000000004065c0      0x440 /opt/mips-4.3/bin/../lib/gcc/mips-linux-gnu/4.3.2/el/libgcc.a(_umoddi3.o)
                0x00000000004065c0                __umoddi3
 .text          0x0000000000406a00       0xc0 /opt/mips-4.3/bin/../mips-linux-gnu/libc/el/usr/lib/libc_nonshared.a(elf-init.oS)
                0x0000000000406a00                __libc_csu_fini
                0x0000000000406a08                __libc_csu_init
 .text          0x0000000000406ac0       0x30 /opt/mips-4.3/bin/../mips-linux-gnu/libc/el/usr/lib/libc_nonshared.a(atexit.oS)
                0x0000000000406ac0                atexit
 .text          0x0000000000406af0       0x20 /opt/mips-4.3/bin/../mips-linux-gnu/libc/el/usr/lib/libc_nonshared.a(stat64.oS)
                0x0000000000406af0                stat64
 .text          0x0000000000406b10       0x20 /opt/mips-4.3/bin/../mips-linux-gnu/libc/el/usr/lib/libc_nonshared.a(fstat64.oS)
                0x0000000000406b10                fstat64
 .text          0x0000000000406b30       0x20 /opt/mips-4.3/bin/../mips-linux-gnu/libc/el/usr/lib/libc_nonshared.a(lstat64.oS)
                0x0000000000406b30                lstat64
 .text          0x0000000000406b50       0x50 /opt/mips-4.3/bin/../mips-linux-gnu/libc/el/usr/lib/libc_nonshared.a(mknod.oS)
                0x0000000000406b50                mknod
                0x0000000000406b50                __mknod
 .text          0x0000000000406ba0       0x50 /opt/mips-4.3/bin/../lib/gcc/mips-linux-gnu/4.3.2/el/crtend.o
 .text.applet_name_compare
                0x0000000000406bf0       0x34 libbb/lib.a(appletlib.o)
 .text.lbb_prepare
                0x0000000000406c24       0x70 libbb/lib.a(appletlib.o)
                0x0000000000406c24                lbb_prepare
 .text.find_applet_by_name
                0x0000000000406c94       0x58 libbb/lib.a(appletlib.o)
                0x0000000000406c94                find_applet_by_name
 .text.bb_show_usage
                0x0000000000406cec       0xc0 libbb/lib.a(appletlib.o)
                0x0000000000406cec                bb_show_usage
 .text.run_applet_no_and_exit
                0x0000000000406dac      0x154 libbb/lib.a(appletlib.o)
                0x0000000000406dac                run_applet_no_and_exit
 .text.run_applet_and_exit
                0x0000000000406f00      0x360 libbb/lib.a(appletlib.o)
                0x0000000000406f00                run_applet_and_exit
 .text.main     0x0000000000407260       0x8c libbb/lib.a(appletlib.o)
                0x0000000000407260                main
 .text.bb_basename
                0x00000000004072ec       0x3c libbb/lib.a(bb_basename.o)
                0x00000000004072ec                bb_basename
 .text.concat_path_file
                0x0000000000407328       0x90 libbb/lib.a(concat_path_file.o)
                0x0000000000407328                concat_path_file
 .text.xfunc_die
                0x00000000004073b8       0x38 libbb/lib.a(error_msg_and_die.o)
                0x00000000004073b8                xfunc_die
 .text.bb_error_msg_and_die
                0x00000000004073f0       0x38 libbb/lib.a(error_msg_and_die.o)
                0x00000000004073f0                bb_error_msg_and_die
 .text.bb_get_last_path_component_nostrip
                0x0000000000407428       0x50 libbb/lib.a(get_last_path_component.o)
                0x0000000000407428                bb_get_last_path_component_nostrip
 .text.bb_get_last_path_component_strip
                0x0000000000407478       0x64 libbb/lib.a(get_last_path_component.o)
                0x0000000000407478                bb_get_last_path_component_strip
 .text.last_char_is
                0x00000000004074dc       0x60 libbb/lib.a(last_char_is.o)
                0x00000000004074dc                last_char_is
 .text.bb_perror_msg
                0x000000000040753c       0x78 libbb/lib.a(perror_msg.o)
                0x000000000040753c                bb_perror_msg
 .text.bb_simple_perror_msg
                0x00000000004075b4       0x10 libbb/lib.a(perror_msg.o)
                0x00000000004075b4                bb_simple_perror_msg
 .text.bb_verror_msg
                0x00000000004075c4      0x230 libbb/lib.a(verror_msg.o)
                0x00000000004075c4                bb_verror_msg
 .text.smart_ulltoa5
                0x00000000004077f4      0x28c libbb/lib.a(xfuncs.o)
                0x00000000004077f4                smart_ulltoa5
 .text.utoa_to_buf
                0x0000000000407a80       0x7c libbb/lib.a(xfuncs.o)
                0x0000000000407a80                utoa_to_buf
 .text.itoa_to_buf
                0x0000000000407afc       0x28 libbb/lib.a(xfuncs.o)
                0x0000000000407afc                itoa_to_buf
 .text.itoa     0x0000000000407b24       0x34 libbb/lib.a(xfuncs.o)
                0x0000000000407b24                itoa
 .text.bin2hex  0x0000000000407b58       0x5c libbb/lib.a(xfuncs.o)
                0x0000000000407b58                bin2hex
 .text.bb_xioctl
                0x0000000000407bb4       0x40 libbb/lib.a(xfuncs.o)
                0x0000000000407bb4                bb_xioctl
 .text.bb_ioctl_or_warn
                0x0000000000407bf4       0x50 libbb/lib.a(xfuncs.o)
                0x0000000000407bf4                bb_ioctl_or_warn
 .text.ioctl_or_perror
                0x0000000000407c44       0x80 libbb/lib.a(xfuncs.o)
                0x0000000000407c44                ioctl_or_perror
 .text.ioctl_or_perror_and_die
                0x0000000000407cc4       0x80 libbb/lib.a(xfuncs.o)
                0x0000000000407cc4                ioctl_or_perror_and_die
 .text.get_terminal_width_height
                0x0000000000407d44      0x124 libbb/lib.a(xfuncs.o)
                0x0000000000407d44                get_terminal_width_height
 .text.xstat    0x0000000000407e68       0x48 libbb/lib.a(xfuncs.o)
                0x0000000000407e68                xstat
 .text.xsendto  0x0000000000407eb0       0x48 libbb/lib.a(xfuncs.o)
                0x0000000000407eb0                xsendto
 .text.xlisten  0x0000000000407ef8       0x3c libbb/lib.a(xfuncs.o)
                0x0000000000407ef8                xlisten
 .text.xbind    0x0000000000407f34       0x3c libbb/lib.a(xfuncs.o)
                0x0000000000407f34                xbind
 .text.xsocket  0x0000000000407f70       0x3c libbb/lib.a(xfuncs.o)
                0x0000000000407f70                xsocket
 .text.xopendir
                0x0000000000407fac       0x48 libbb/lib.a(xfuncs.o)
                0x0000000000407fac                xopendir
 .text.warn_opendir
                0x0000000000407ff4       0x58 libbb/lib.a(xfuncs.o)
                0x0000000000407ff4                warn_opendir
 .text.xchroot  0x000000000040804c       0x48 libbb/lib.a(xfuncs.o)
                0x000000000040804c                xchroot
 .text.xchdir   0x0000000000408094       0x48 libbb/lib.a(xfuncs.o)
                0x0000000000408094                xchdir
 .text.xprint_and_close_file
                0x00000000004080dc       0x8c libbb/lib.a(xfuncs.o)
                0x00000000004080dc                xprint_and_close_file
 .text.xasprintf
                0x0000000000408168       0x60 libbb/lib.a(xfuncs.o)
                0x0000000000408168                xasprintf
 .text.bb_putchar
                0x00000000004081c8       0x14 libbb/lib.a(xfuncs.o)
                0x00000000004081c8                bb_putchar
 .text.xsetuid  0x00000000004081dc       0x3c libbb/lib.a(xfuncs.o)
                0x00000000004081dc                xsetuid
 .text.xsetgid  0x0000000000408218       0x3c libbb/lib.a(xfuncs.o)
                0x0000000000408218                xsetgid
 .text.xsetenv  0x0000000000408254       0x3c libbb/lib.a(xfuncs.o)
                0x0000000000408254                xsetenv
 .text.die_if_ferror
                0x0000000000408290       0x48 libbb/lib.a(xfuncs.o)
                0x0000000000408290                die_if_ferror
 .text.die_if_ferror_stdout
                0x00000000004082d8       0x14 libbb/lib.a(xfuncs.o)
                0x00000000004082d8                die_if_ferror_stdout
 .text.xlseek   0x00000000004082ec       0x88 libbb/lib.a(xfuncs.o)
                0x00000000004082ec                xlseek
 .text.xwrite   0x0000000000408374       0x50 libbb/lib.a(xfuncs.o)
                0x0000000000408374                xwrite
 .text.xdup2    0x00000000004083c4       0x44 libbb/lib.a(xfuncs.o)
                0x00000000004083c4                xdup2
 .text.xmove_fd
                0x0000000000408408       0x48 libbb/lib.a(xfuncs.o)
                0x0000000000408408                xmove_fd
 .text.ndelay_off
                0x0000000000408450       0x50 libbb/lib.a(xfuncs.o)
                0x0000000000408450                ndelay_off
 .text.close_on_exec_on
                0x00000000004084a0       0x14 libbb/lib.a(xfuncs.o)
                0x00000000004084a0                close_on_exec_on
 .text.ndelay_on
                0x00000000004084b4       0x4c libbb/lib.a(xfuncs.o)
                0x00000000004084b4                ndelay_on
 .text.xpipe    0x0000000000408500       0x3c libbb/lib.a(xfuncs.o)
                0x0000000000408500                xpipe
 .text.xrename  0x000000000040853c       0x58 libbb/lib.a(xfuncs.o)
                0x000000000040853c                xrename
 .text.xunlink  0x0000000000408594       0x48 libbb/lib.a(xfuncs.o)
                0x0000000000408594                xunlink
 .text.open3_or_warn
                0x00000000004085dc       0x58 libbb/lib.a(xfuncs.o)
                0x00000000004085dc                open3_or_warn
 .text.open_or_warn
                0x0000000000408634        0x8 libbb/lib.a(xfuncs.o)
                0x0000000000408634                open_or_warn
 .text.xopen3   0x000000000040863c       0x48 libbb/lib.a(xfuncs.o)
                0x000000000040863c                xopen3
 .text.xopen    0x0000000000408684        0x8 libbb/lib.a(xfuncs.o)
                0x0000000000408684                xopen
 .text.xfopen   0x000000000040868c       0x48 libbb/lib.a(xfuncs.o)
                0x000000000040868c                xfopen
 .text.xstrdup  0x00000000004086d4       0x48 libbb/lib.a(xfuncs.o)
                0x00000000004086d4                xstrdup
 .text.xrealloc
                0x000000000040871c       0x4c libbb/lib.a(xfuncs.o)
                0x000000000040871c                xrealloc
 .text.xmalloc  0x0000000000408768       0x4c libbb/lib.a(xfuncs.o)
                0x0000000000408768                xmalloc
 .text.xstrndup
                0x00000000004087b4       0x70 libbb/lib.a(xfuncs.o)
                0x00000000004087b4                xstrndup
 .text.xzalloc  0x0000000000408824       0x4c libbb/lib.a(xfuncs.o)
                0x0000000000408824                xzalloc
 .text.malloc_or_warn
                0x0000000000408870       0x58 libbb/lib.a(xfuncs.o)
                0x0000000000408870                malloc_or_warn
 .text.xmalloc_readlink
                0x00000000004088c8       0xc8 libbb/lib.a(xreadlink.o)
                0x00000000004088c8                xmalloc_readlink
 .text.xmalloc_readlink_or_warn
                0x0000000000408990       0x50 libbb/lib.a(xreadlink.o)
                0x0000000000408990                xmalloc_readlink_or_warn
 .text.xmalloc_follow_symlinks
                0x00000000004089e0      0x188 libbb/lib.a(xreadlink.o)
                0x00000000004089e0                xmalloc_follow_symlinks
 .text.bb_full_fd_action
                0x0000000000408b68      0x18c libbb/lib.a(copyfd.o)
 .text.bb_copyfd_eof
                0x0000000000408cf4        0xc libbb/lib.a(copyfd.o)
                0x0000000000408cf4                bb_copyfd_eof
 .text.bb_copyfd_size
                0x0000000000408d00       0x1c libbb/lib.a(copyfd.o)
                0x0000000000408d00                bb_copyfd_size
 .text.bb_copyfd_exact_size
                0x0000000000408d1c       0x70 libbb/lib.a(copyfd.o)
                0x0000000000408d1c                bb_copyfd_exact_size
 .text.bb_error_msg
                0x0000000000408d8c       0x3c libbb/lib.a(error_msg.o)
                0x0000000000408d8c                bb_error_msg
 .text.full_write
                0x0000000000408dc8       0x8c libbb/lib.a(full_write.o)
                0x0000000000408dc8                full_write
 .text.bb_perror_msg_and_die
                0x0000000000408e54       0x74 libbb/lib.a(perror_msg_and_die.o)
                0x0000000000408e54                bb_perror_msg_and_die
 .text.bb_simple_perror_msg_and_die
                0x0000000000408ec8       0x18 libbb/lib.a(perror_msg_and_die.o)
                0x0000000000408ec8                bb_simple_perror_msg_and_die
 .text.safe_read
                0x0000000000408ee0       0x90 libbb/lib.a(read.o)
                0x0000000000408ee0                safe_read
 .text.full_read
                0x0000000000408f70       0x80 libbb/lib.a(read.o)
                0x0000000000408f70                full_read
 .text.read_close
                0x0000000000408ff0       0x44 libbb/lib.a(read.o)
                0x0000000000408ff0                read_close
 .text.xmalloc_open_read_close
                0x0000000000409034      0x14c libbb/lib.a(read.o)
                0x0000000000409034                xmalloc_open_read_close
 .text.open_read_close
                0x0000000000409180       0x60 libbb/lib.a(read.o)
                0x0000000000409180                open_read_close
 .text.reads    0x00000000004091e0       0xcc libbb/lib.a(read.o)
                0x00000000004091e0                reads
 .text.xread    0x00000000004092ac       0x48 libbb/lib.a(read.o)
                0x00000000004092ac                xread
 .text.nonblock_safe_read
                0x00000000004092f4       0xc4 libbb/lib.a(read.o)
                0x00000000004092f4                nonblock_safe_read
 .text.safe_poll
                0x00000000004093b8       0xc4 libbb/lib.a(safe_poll.o)
                0x00000000004093b8                safe_poll
 .text.safe_write
                0x000000000040947c       0x90 libbb/lib.a(safe_write.o)
                0x000000000040947c                safe_write
 .text.adduser_main
                0x000000000040950c      0x3f0 loginutils/lib.a(adduser.o)
                0x000000000040950c                adduser_main
 .text.del_line_matching
                0x00000000004098fc      0x2c8 loginutils/lib.a(deluser.o)
 .text.deluser_main
                0x0000000000409bc4       0xf8 loginutils/lib.a(deluser.o)
                0x0000000000409bc4                deluser_main
 .text.bcode    0x0000000000409cbc       0x44 loginutils/lib.a(getty.o)
 .text.touch    0x0000000000409d00       0x6c loginutils/lib.a(getty.o)
 .text.getty_main
                0x0000000000409d6c      0xc58 loginutils/lib.a(getty.o)
                0x0000000000409d6c                getty_main
 .text.nuke_str
                0x000000000040a9c4       0x58 loginutils/lib.a(passwd.o)
 .text.passwd_main
                0x000000000040aa1c      0x620 loginutils/lib.a(passwd.o)
                0x000000000040aa1c                passwd_main
 .text.acquire_vt
                0x000000000040b03c       0x18 loginutils/lib.a(vlock.o)
 .text.release_vt
                0x000000000040b054       0x20 loginutils/lib.a(vlock.o)
 .text.vlock_main
                0x000000000040b074      0x2e4 loginutils/lib.a(vlock.o)
                0x000000000040b074                vlock_main
 .text.show_min_max
                0x000000000040b358       0xc0 miscutils/lib.a(chrt.o)
 .text.chrt_main
                0x000000000040b418      0x290 miscutils/lib.a(chrt.o)
                0x000000000040b418                chrt_main
 .text.DeleteFile
                0x000000000040b6a8      0x114 miscutils/lib.a(crond.o)
 .text.crondlog
                0x000000000040b7bc       0xc8 miscutils/lib.a(crond.o)
 .text.ParseField
                0x000000000040b884      0x32c miscutils/lib.a(crond.o)
 .text.SynchronizeFile
                0x000000000040bbb0      0x390 miscutils/lib.a(crond.o)
 .text.SynchronizeDir
                0x000000000040bf40      0x16c miscutils/lib.a(crond.o)
 .text.RunJob   0x000000000040c0ac      0x1b8 miscutils/lib.a(crond.o)
 .text.crond_main
                0x000000000040c264      0x52c miscutils/lib.a(crond.o)
                0x000000000040c264                crond_main
 .text.edit_file
                0x000000000040c790      0x190 miscutils/lib.a(crontab.o)
 .text.open_as_user
                0x000000000040c920       0xc8 miscutils/lib.a(crontab.o)
 .text.crontab_main
                0x000000000040c9e8      0x488 miscutils/lib.a(crontab.o)
                0x000000000040c9e8                crontab_main
 .text.eject_main
                0x000000000040ce70      0x23c miscutils/lib.a(eject.o)
                0x000000000040ce70                eject_main
 .text.parse_xfermode
                0x000000000040d0ac      0x11c miscutils/lib.a(hdparm.o)
 .text.parse_opts
                0x000000000040d1c8       0x5c miscutils/lib.a(hdparm.o)
 .text.read_big_block
                0x000000000040d224       0x58 miscutils/lib.a(hdparm.o)
 .text.on_off   0x000000000040d27c       0x28 miscutils/lib.a(hdparm.o)
 .text.xprint_ascii
                0x000000000040d2a4       0xec miscutils/lib.a(hdparm.o)
 .text.mode_loop
                0x000000000040d390       0xf8 miscutils/lib.a(hdparm.o)
 .text.identify
                0x000000000040d488     0x1808 miscutils/lib.a(hdparm.o)
 .text.identify_from_stdin
                0x000000000040ec90       0xc0 miscutils/lib.a(hdparm.o)
 .text.print_flag_on_off
                0x000000000040ed50       0x5c miscutils/lib.a(hdparm.o)
 .text.print_flag
                0x000000000040edac       0x30 miscutils/lib.a(hdparm.o)
 .text.print_value_on_off
                0x000000000040eddc       0x44 miscutils/lib.a(hdparm.o)
 .text.ioctl_alt_func
                0x000000000040ee20       0x98 miscutils/lib.a(hdparm.o)
 .text.seek_to_zero
                0x000000000040eeb8       0x30 miscutils/lib.a(hdparm.o)
 .text.flush_buffer_cache
                0x000000000040eee8       0xa4 miscutils/lib.a(hdparm.o)
 .text.do_time  0x000000000040ef8c      0x2e8 miscutils/lib.a(hdparm.o)
 .text.process_dev
                0x000000000040f274     0x1950 miscutils/lib.a(hdparm.o)
 .text.hdparm_main
                0x0000000000410bc4      0x4b8 miscutils/lib.a(hdparm.o)
                0x0000000000410bc4                hdparm_main
 .text.last_main
                0x000000000041107c      0x2b4 miscutils/lib.a(last.o)
                0x000000000041107c                last_main
 .text.opp_bracket
                0x0000000000411330       0x88 miscutils/lib.a(less.o)
 .text.clear_line
                0x00000000004113b8       0x28 miscutils/lib.a(less.o)
 .text.print_statusline
                0x00000000004113e0       0x4c miscutils/lib.a(less.o)
 .text.move_cursor
                0x000000000041142c       0x20 miscutils/lib.a(less.o)
 .text.print_hilite
                0x000000000041144c       0x1c miscutils/lib.a(less.o)
 .text.m_status_print
                0x0000000000411468      0x174 miscutils/lib.a(less.o)
 .text.fill_match_lines
                0x00000000004115dc      0x120 miscutils/lib.a(less.o)
 .text.read_lines
                0x00000000004116fc      0x480 miscutils/lib.a(less.o)
 .text.print_found
                0x0000000000411b7c      0x244 miscutils/lib.a(less.o)
 .text.print_ascii
                0x0000000000411dc0      0x1a4 miscutils/lib.a(less.o)
 .text.status_print
                0x0000000000411f64       0xe4 miscutils/lib.a(less.o)
 .text.buffer_print
                0x0000000000412048       0x8c miscutils/lib.a(less.o)
 .text.buffer_fill_and_print
                0x00000000004120d4       0x8c miscutils/lib.a(less.o)
 .text.reinitialize
                0x0000000000412160      0x110 miscutils/lib.a(less.o)
 .text.change_file
                0x0000000000412270       0xbc miscutils/lib.a(less.o)
 .text.buffer_down
                0x000000000041232c       0x90 miscutils/lib.a(less.o)
 .text.buffer_up
                0x00000000004123bc       0x34 miscutils/lib.a(less.o)
 .text.buffer_line
                0x00000000004123f0       0x6c miscutils/lib.a(less.o)
 .text.goto_match
                0x000000000041245c       0xe0 miscutils/lib.a(less.o)
 .text.set_tty_cooked
                0x000000000041253c       0x48 miscutils/lib.a(less.o)
 .text.getch_nowait
                0x0000000000412584      0x180 miscutils/lib.a(less.o)
 .text.less_gets
                0x0000000000412704      0x164 miscutils/lib.a(less.o)
 .text.less_exit
                0x0000000000412868       0x4c miscutils/lib.a(less.o)
 .text.sig_catcher
                0x00000000004128b4        0x8 miscutils/lib.a(less.o)
 .text.examine_file
                0x00000000004128bc       0xc8 miscutils/lib.a(less.o)
 .text.regex_process
                0x0000000000412984      0x1a8 miscutils/lib.a(less.o)
 .text.less_getch
                0x0000000000412b2c      0x134 miscutils/lib.a(less.o)
 .text.less_main
                0x0000000000412c60      0x970 miscutils/lib.a(less.o)
                0x0000000000412c60                less_main
 .text.makedevs_main
                0x00000000004135d0      0x674 miscutils/lib.a(makedevs.o)
                0x00000000004135d0                makedevs_main
 .text.mountpoint_main
                0x0000000000413c44      0x2b0 miscutils/lib.a(mountpoint.o)
                0x0000000000413c44                mountpoint_main
 .text.runlevel_main
                0x0000000000413ef4       0xd8 miscutils/lib.a(runlevel.o)
                0x0000000000413ef4                runlevel_main
 .text.strings_main
                0x0000000000413fcc      0x25c miscutils/lib.a(strings.o)
                0x0000000000413fcc                strings_main
 .text.ptok     0x0000000000414228       0x34 miscutils/lib.a(time.o)
 .text.run_command
                0x000000000041425c      0x218 miscutils/lib.a(time.o)
 .text.time_main
                0x0000000000414474      0x620 miscutils/lib.a(time.o)
                0x0000000000414474                time_main
 .text.watchdog_main
                0x0000000000414a94      0x130 miscutils/lib.a(watchdog.o)
                0x0000000000414a94                watchdog_main
 .text.watchdog_shutdown
                0x0000000000414bc4       0x34 miscutils/lib.a(watchdog.o)
 .text.obj_find_symbol
                0x0000000000414bf8       0x88 modutils/lib.a(insmod.o)
 .text.obj_symbol_final_value
                0x0000000000414c80       0x40 modutils/lib.a(insmod.o)
 .text.obj_elf_hash
                0x0000000000414cc0       0x70 modutils/lib.a(insmod.o)
 .text.arch_new_section
                0x0000000000414d30       0x10 modutils/lib.a(insmod.o)
 .text.arch_new_symbol
                0x0000000000414d40       0x24 modutils/lib.a(insmod.o)
 .text.obj_extend_section
                0x0000000000414d64       0x54 modutils/lib.a(insmod.o)
 .text.obj_load_order_prio
                0x0000000000414db8       0xb0 modutils/lib.a(insmod.o)
 .text.obj_insert_section_load_order
                0x0000000000414e68       0x78 modutils/lib.a(insmod.o)
 .text.obj_find_section
                0x0000000000414ee0       0x98 modutils/lib.a(insmod.o)
 .text.obj_create_alloced_section
                0x0000000000414f78       0xe0 modutils/lib.a(insmod.o)
 .text.obj_symbol_patch
                0x0000000000415058       0x6c modutils/lib.a(insmod.o)
 .text.obj_allocate_commons
                0x00000000004150c4      0x308 modutils/lib.a(insmod.o)
 .text.obj_add_symbol
                0x00000000004153cc      0x258 modutils/lib.a(insmod.o)
 .text.obj_load
                0x0000000000415624      0x53c modutils/lib.a(insmod.o)
 .text.get_modinfo_value
                0x0000000000415b60      0x13c modutils/lib.a(insmod.o)
 .text.obj_gpl_license
                0x0000000000415c9c      0x138 modutils/lib.a(insmod.o)
 .text.add_symbols_from
                0x0000000000415dd4      0x130 modutils/lib.a(insmod.o)
 .text.obj_string_patch
                0x0000000000415f04       0xf4 modutils/lib.a(insmod.o)
 .text.new_create_module_ksymtab
                0x0000000000415ff8      0x24c modutils/lib.a(insmod.o)
 .text.set_tainted
                0x0000000000416244      0x134 modutils/lib.a(insmod.o)
 .text.new_process_module_arguments
                0x0000000000416378      0x660 modutils/lib.a(insmod.o)
 .text.print_load_map
                0x00000000004169d8      0x338 modutils/lib.a(insmod.o)
 .text.insmod_main
                0x0000000000416d10     0x1518 modutils/lib.a(insmod.o)
                0x0000000000416d10                insmod_main
 .text.check_module_name_match
                0x0000000000418228       0x84 modutils/lib.a(insmod.o)
 .text.lsmod_main
                0x00000000004182ac      0x318 modutils/lib.a(lsmod.o)
                0x00000000004182ac                lsmod_main
 .text.append_option
                0x00000000004185c4       0xa0 modutils/lib.a(modprobe.o)
 .text.already_loaded
                0x0000000000418664      0x138 modutils/lib.a(modprobe.o)
 .text.parse_tag_value
                0x000000000041879c       0xbc modutils/lib.a(modprobe.o)
 .text.include_conf
                0x0000000000418858      0x53c modutils/lib.a(modprobe.o)
 .text.build_dep
                0x0000000000418d94      0x61c modutils/lib.a(modprobe.o)
 .text.check_pattern
                0x00000000004193b0       0xc8 modutils/lib.a(modprobe.o)
 .text.check_dep
                0x0000000000419478      0x240 modutils/lib.a(modprobe.o)
 .text.mod_process
                0x00000000004196b8      0x2a8 modutils/lib.a(modprobe.o)
 .text.modprobe_main
                0x0000000000419960      0x2a0 modutils/lib.a(modprobe.o)
                0x0000000000419960                modprobe_main
 .text.rmmod_main
                0x0000000000419c00      0x1f4 modutils/lib.a(rmmod.o)
                0x0000000000419c00                rmmod_main
 .text.ether_wake_main
                0x0000000000419df4      0x400 networking/lib.a(ether-wake.o)
                0x0000000000419df4                ether_wake_main
 .text.ftp_die  0x000000000041a1f4       0x64 networking/lib.a(ftpgetput.o)
 .text.ftpcmd   0x000000000041a258      0x16c networking/lib.a(ftpgetput.o)
 .text.ftp_login
                0x000000000041a3c4      0x128 networking/lib.a(ftpgetput.o)
 .text.ftpgetput_main
                0x000000000041a4ec      0x1a8 networking/lib.a(ftpgetput.o)
                0x000000000041a4ec                ftpgetput_main
 .text.xconnect_ftpdata
                0x000000000041a694       0xfc networking/lib.a(ftpgetput.o)
 .text.ftp_receive
                0x000000000041a790      0x2a0 networking/lib.a(ftpgetput.o)
 .text.ftp_send
                0x000000000041aa30      0x230 networking/lib.a(ftpgetput.o)
 .text.do_sethostname
                0x000000000041ac60      0x128 networking/lib.a(hostname.o)
 .text.hostname_main
                0x000000000041ad88      0x1cc networking/lib.a(hostname.o)
                0x000000000041ad88                hostname_main
 .text.ifconfig_main
                0x000000000041af54      0x600 networking/lib.a(ifconfig.o)
                0x000000000041af54                ifconfig_main
 .text.dhcp_up  0x000000000041b554        0x8 networking/lib.a(ifupdown.o)
 .text.dhcp_down
                0x000000000041b55c        0x8 networking/lib.a(ifupdown.o)
 .text.manual_up_down
                0x000000000041b564        0x8 networking/lib.a(ifupdown.o)
 .text.check    0x000000000041b56c        0x8 networking/lib.a(ifupdown.o)
 .text.strncmpz
                0x000000000041b574       0x48 networking/lib.a(ifupdown.o)
 .text.find_iface_state
                0x000000000041b5bc       0xa8 networking/lib.a(ifupdown.o)
 .text.addstr   0x000000000041b664       0xa0 networking/lib.a(ifupdown.o)
 .text.execute  0x000000000041b704      0x3b8 networking/lib.a(ifupdown.o)
 .text.loopback_down6
                0x000000000041babc       0x18 networking/lib.a(ifupdown.o)
 .text.loopback_up6
                0x000000000041bad4       0x18 networking/lib.a(ifupdown.o)
 .text.static_down6
                0x000000000041baec       0x18 networking/lib.a(ifupdown.o)
 .text.static_up6
                0x000000000041bb04       0x94 networking/lib.a(ifupdown.o)
 .text.loopback_down
                0x000000000041bb98       0x18 networking/lib.a(ifupdown.o)
 .text.loopback_up
                0x000000000041bbb0       0x18 networking/lib.a(ifupdown.o)
 .text.bootp_up
                0x000000000041bbc8       0x18 networking/lib.a(ifupdown.o)
 .text.static_down
                0x000000000041bbe0       0x74 networking/lib.a(ifupdown.o)
 .text.static_up
                0x000000000041bc54       0x94 networking/lib.a(ifupdown.o)
 .text.ppp_down
                0x000000000041bce8       0x18 networking/lib.a(ifupdown.o)
 .text.ppp_up   0x000000000041bd00       0x18 networking/lib.a(ifupdown.o)
 .text.wvdial_down
                0x000000000041bd18       0x18 networking/lib.a(ifupdown.o)
 .text.wvdial_up
                0x000000000041bd30       0x18 networking/lib.a(ifupdown.o)
 .text.next_word
                0x000000000041bd48       0x90 networking/lib.a(ifupdown.o)
 .text.read_iface_state
                0x000000000041bdd8       0xf8 networking/lib.a(ifupdown.o)
 .text.ifupdown_main
                0x000000000041bed0      0x974 networking/lib.a(ifupdown.o)
                0x000000000041bed0                ifupdown_main
 .text.setlocalenv
                0x000000000041c844      0x13c networking/lib.a(ifupdown.o)
 .text.set_environ
                0x000000000041c980      0x214 networking/lib.a(ifupdown.o)
 .text.doit     0x000000000041cb94       0xf8 networking/lib.a(ifupdown.o)
 .text.execute_all
                0x000000000041cc8c       0xd0 networking/lib.a(ifupdown.o)
 .text.iface_up
                0x000000000041cd5c       0x9c networking/lib.a(ifupdown.o)
 .text.iface_down
                0x000000000041cdf8       0x9c networking/lib.a(ifupdown.o)
 .text.get_afntype
                0x000000000041ce94       0x28 networking/lib.a(interface.o)
 .text.hexchar2int
                0x000000000041cebc       0x34 networking/lib.a(interface.o)
 .text.in_ether
                0x000000000041cef0      0x110 networking/lib.a(interface.o)
 .text.get_hwntype
                0x000000000041d000       0x28 networking/lib.a(interface.o)
                0x000000000041d000                get_hwntype
 .text.add_interface
                0x000000000041d028       0xd4 networking/lib.a(interface.o)
 .text.if_readconf
                0x000000000041d0fc      0x140 networking/lib.a(interface.o)
 .text.if_readlist_proc
                0x000000000041d23c      0x36c networking/lib.a(interface.o)
 .text.INET6_input
                0x000000000041d5a8       0x10 networking/lib.a(interface.o)
 .text.INET_input
                0x000000000041d5b8       0x10 networking/lib.a(interface.o)
 .text.INET_sprint
                0x000000000041d5c8       0x88 networking/lib.a(interface.o)
 .text.UNSPEC_print
                0x000000000041d650       0xa8 networking/lib.a(interface.o)
 .text.UNSPEC_sprint
                0x000000000041d6f8       0x2c networking/lib.a(interface.o)
 .text.INET6_sprint
                0x000000000041d724       0x84 networking/lib.a(interface.o)
 .text.print_bytes_scaled
                0x000000000041d7a8       0xa4 networking/lib.a(interface.o)
 .text.ife_print
                0x000000000041d84c      0x7f8 networking/lib.a(interface.o)
 .text.pr_ether
                0x000000000041e044       0x7c networking/lib.a(interface.o)
 .text.do_if_fetch
                0x000000000041e0c0      0x47c networking/lib.a(interface.o)
 .text.display_interfaces
                0x000000000041e53c       0xf8 networking/lib.a(interface.o)
                0x000000000041e53c                display_interfaces
 .text.ip_main  0x000000000041e634       0x98 networking/lib.a(ip.o)
                0x000000000041e634                ip_main
 .text.ip_print_help
                0x000000000041e6cc       0x18 networking/lib.a(ip.o)
 .text.do_info  0x000000000041e6e4      0x1a0 networking/lib.a(netstat.o)
 .text.netstat_main
                0x000000000041e884      0x318 networking/lib.a(netstat.o)
                0x000000000041e884                netstat_main
 .text.build_ipv4_addr
                0x000000000041eb9c       0x40 networking/lib.a(netstat.o)
 .text.build_ipv6_addr
                0x000000000041ebdc       0xa0 networking/lib.a(netstat.o)
 .text.ip_port_str
                0x000000000041ec7c      0x104 networking/lib.a(netstat.o)
 .text.raw_do_one
                0x000000000041ed80      0x23c networking/lib.a(netstat.o)
 .text.udp_do_one
                0x000000000041efbc      0x254 networking/lib.a(netstat.o)
 .text.tcp_do_one
                0x000000000041f210      0x1f4 networking/lib.a(netstat.o)
 .text.unix_do_one
                0x000000000041f404      0x340 networking/lib.a(netstat.o)
 .text.sendping4
                0x000000000041f744      0x1e4 networking/lib.a(ping.o)
 .text.ping4    0x000000000041f928      0x4f8 networking/lib.a(ping.o)
 .text.pingstats
                0x000000000041fe20      0x184 networking/lib.a(ping.o)
 .text.ping_main
                0x000000000041ffa4      0x218 networking/lib.a(ping.o)
                0x000000000041ffa4                ping_main
 .text.set_flags
                0x00000000004201bc       0x4c networking/lib.a(route.o)
 .text.kw_lookup
                0x0000000000420208       0xc4 networking/lib.a(route.o)
 .text.INET6_displayroutes
                0x00000000004202cc      0x2d0 networking/lib.a(route.o)
 .text.bb_displayroutes
                0x000000000042059c      0x2c0 networking/lib.a(route.o)
                0x000000000042059c                bb_displayroutes
 .text.route_main
                0x000000000042085c      0x944 networking/lib.a(route.o)
                0x000000000042085c                route_main
 .text.make_new_session
                0x00000000004211a0      0x2f0 networking/lib.a(telnetd.o)
 .text.free_session
                0x0000000000421490       0xe4 networking/lib.a(telnetd.o)
 .text.telnetd_main
                0x0000000000421574      0x788 networking/lib.a(telnetd.o)
                0x0000000000421574                telnetd_main
 .text.handle_sigchld
                0x0000000000421cfc       0x78 networking/lib.a(telnetd.o)
 .text.base64enc_512
                0x0000000000421d74       0x68 networking/lib.a(wget.o)
 .text.parse_url
                0x0000000000421ddc      0x214 networking/lib.a(wget.o)
 .text.gethdr   0x0000000000421ff0      0x18c networking/lib.a(wget.o)
 .text.open_socket
                0x000000000042217c       0x54 networking/lib.a(wget.o)
 .text.safe_fgets
                0x00000000004221d0       0xd8 networking/lib.a(wget.o)
 .text.progressmeter
                0x00000000004222a8      0x4c8 networking/lib.a(wget.o)
 .text.ftpcmd   0x0000000000422770      0x138 networking/lib.a(wget.o)
 .text.wget_main
                0x00000000004228a8      0xd10 networking/lib.a(wget.o)
                0x00000000004228a8                wget_main
 .text.pick     0x00000000004235b8       0x88 networking/lib.a(zcip.o)
 .text.run      0x0000000000423640      0x114 networking/lib.a(zcip.o)
 .text.arp      0x0000000000423754      0x148 networking/lib.a(zcip.o)
 .text.zcip_main
                0x000000000042389c      0x72c networking/lib.a(zcip.o)
                0x000000000042389c                zcip_main
 .text.ip_parse_common_args
                0x0000000000423fc8      0x170 networking/libiproute/lib.a(ip_parse_common_args.o)
                0x0000000000423fc8                ip_parse_common_args
 .text.flush_update
                0x0000000000424138       0x68 networking/libiproute/lib.a(ipaddress.o)
 .text.store_nlmsg
                0x00000000004241a0       0xac networking/libiproute/lib.a(ipaddress.o)
 .text.ipaddr_modify
                0x000000000042424c      0x648 networking/libiproute/lib.a(ipaddress.o)
 .text.print_addrinfo
                0x0000000000424894      0x77c networking/libiproute/lib.a(ipaddress.o)
 .text.ipaddr_list_or_flush
                0x0000000000425010      0xc54 networking/libiproute/lib.a(ipaddress.o)
                0x0000000000425010                ipaddr_list_or_flush
 .text.do_ipaddr
                0x0000000000425c64       0xb0 networking/libiproute/lib.a(ipaddress.o)
                0x0000000000425c64                do_ipaddr
 .text.die_must_be_on_off
                0x0000000000425d14       0x20 networking/libiproute/lib.a(iplink.o)
 .text.get_ctl_fd
                0x0000000000425d34       0x78 networking/libiproute/lib.a(iplink.o)
 .text.ipaddr_list_link
                0x0000000000425dac       0x1c networking/libiproute/lib.a(iplink.o)
 .text.do_iplink
                0x0000000000425dc8      0x694 networking/libiproute/lib.a(iplink.o)
                0x0000000000425dc8                do_iplink
 .text.iproute_reset_filter
                0x000000000042645c       0x48 networking/libiproute/lib.a(iproute.o)
 .text.flush_update
                0x00000000004264a4       0x68 networking/libiproute/lib.a(iproute.o)
 .text.print_route
                0x000000000042650c      0x960 networking/libiproute/lib.a(iproute.o)
 .text.iproute_get
                0x0000000000426e6c      0x478 networking/libiproute/lib.a(iproute.o)
 .text.iproute_list_or_flush
                0x00000000004272e4      0x65c networking/libiproute/lib.a(iproute.o)
 .text.iproute_modify
                0x0000000000427940      0x518 networking/libiproute/lib.a(iproute.o)
 .text.do_iproute
                0x0000000000427e58       0xf0 networking/libiproute/lib.a(iproute.o)
                0x0000000000427e58                do_iproute
 .text.parse_rtattr
                0x0000000000427f48       0x98 networking/libiproute/lib.a(libnetlink.o)
                0x0000000000427f48                parse_rtattr
 .text.rta_addattr32
                0x0000000000427fe0       0x90 networking/libiproute/lib.a(libnetlink.o)
                0x0000000000427fe0                rta_addattr32
 .text.addattr_l
                0x0000000000428070       0x98 networking/libiproute/lib.a(libnetlink.o)
                0x0000000000428070                addattr_l
 .text.addattr32
                0x0000000000428108       0x90 networking/libiproute/lib.a(libnetlink.o)
                0x0000000000428108                addattr32
 .text.xrtnl_dump_filter
                0x0000000000428198      0x284 networking/libiproute/lib.a(libnetlink.o)
                0x0000000000428198                xrtnl_dump_filter
 .text.xrtnl_open
                0x000000000042841c      0x100 networking/libiproute/lib.a(libnetlink.o)
                0x000000000042841c                xrtnl_open
 .text.rtnl_talk
                0x000000000042851c      0x334 networking/libiproute/lib.a(libnetlink.o)
                0x000000000042851c                rtnl_talk
 .text.rtnl_send
                0x0000000000428850       0x44 networking/libiproute/lib.a(libnetlink.o)
                0x0000000000428850                rtnl_send
 .text.xrtnl_wilddump_request
                0x0000000000428894       0x80 networking/libiproute/lib.a(libnetlink.o)
                0x0000000000428894                xrtnl_wilddump_request
 .text.ll_addr_a2n
                0x0000000000428914      0x184 networking/libiproute/lib.a(ll_addr.o)
                0x0000000000428914                ll_addr_a2n
 .text.ll_addr_n2a
                0x0000000000428a98      0x16c networking/libiproute/lib.a(ll_addr.o)
                0x0000000000428a98                ll_addr_n2a
 .text.find_by_index
                0x0000000000428c04       0x34 networking/libiproute/lib.a(ll_map.o)
 .text.ll_index_to_flags
                0x0000000000428c38       0x34 networking/libiproute/lib.a(ll_map.o)
                0x0000000000428c38                ll_index_to_flags
 .text.ll_init_map
                0x0000000000428c6c       0x58 networking/libiproute/lib.a(ll_map.o)
                0x0000000000428c6c                ll_init_map
 .text.ll_idx_n2a
                0x0000000000428cc4       0x80 networking/libiproute/lib.a(ll_map.o)
                0x0000000000428cc4                ll_idx_n2a
 .text.ll_index_to_name
                0x0000000000428d44        0xc networking/libiproute/lib.a(ll_map.o)
                0x0000000000428d44                ll_index_to_name
 .text.xll_name_to_index
                0x0000000000428d50       0xc4 networking/libiproute/lib.a(ll_map.o)
                0x0000000000428d50                xll_name_to_index
 .text.ll_remember_index
                0x0000000000428e14      0x164 networking/libiproute/lib.a(ll_map.o)
                0x0000000000428e14                ll_remember_index
 .text.ll_type_n2a
                0x0000000000428f78       0xd4 networking/libiproute/lib.a(ll_types.o)
                0x0000000000428f78                ll_type_n2a
 .text.rtnl_tab_initialize
                0x000000000042904c      0x1e4 networking/libiproute/lib.a(rt_names.o)
 .text.rtnl_rtscope_initialize
                0x0000000000429230       0x98 networking/libiproute/lib.a(rt_names.o)
 .text.rtnl_rtscope_a2n
                0x00000000004292c8      0x138 networking/libiproute/lib.a(rt_names.o)
                0x00000000004292c8                rtnl_rtscope_a2n
 .text.rtnl_rtscope_n2a
                0x0000000000429400       0x94 networking/libiproute/lib.a(rt_names.o)
                0x0000000000429400                rtnl_rtscope_n2a
 .text.rtnl_rtprot_initialize
                0x0000000000429494       0x78 networking/libiproute/lib.a(rt_names.o)
 .text.rtnl_rtprot_a2n
                0x000000000042950c      0x138 networking/libiproute/lib.a(rt_names.o)
                0x000000000042950c                rtnl_rtprot_a2n
 .text.rtnl_rtntype_a2n
                0x0000000000429644      0x128 networking/libiproute/lib.a(rtm_map.o)
                0x0000000000429644                rtnl_rtntype_a2n
 .text.rtnl_rtntype_n2a
                0x000000000042976c      0x108 networking/libiproute/lib.a(rtm_map.o)
                0x000000000042976c                rtnl_rtntype_n2a
 .text.rt_addr_n2a
                0x0000000000429874       0x3c networking/libiproute/lib.a(utils.o)
                0x0000000000429874                rt_addr_n2a
 .text.format_host
                0x00000000004298b0        0x8 networking/libiproute/lib.a(utils.o)
                0x00000000004298b0                format_host
 .text.inet_addr_match
                0x00000000004298b8       0xc8 networking/libiproute/lib.a(utils.o)
                0x00000000004298b8                inet_addr_match
 .text.duparg2  0x0000000000429980       0x28 networking/libiproute/lib.a(utils.o)
                0x0000000000429980                duparg2
 .text.duparg   0x00000000004299a8       0x28 networking/libiproute/lib.a(utils.o)
                0x00000000004299a8                duparg
 .text.invarg   0x00000000004299d0       0x28 networking/libiproute/lib.a(utils.o)
                0x00000000004299d0                invarg
 .text.incomplete_command
                0x00000000004299f8       0x1c networking/libiproute/lib.a(utils.o)
                0x00000000004299f8                incomplete_command
 .text.get_addr_1
                0x0000000000429a14      0x1c8 networking/libiproute/lib.a(utils.o)
                0x0000000000429a14                get_addr_1
 .text.get_addr
                0x0000000000429bdc       0x5c networking/libiproute/lib.a(utils.o)
                0x0000000000429bdc                get_addr
 .text.get_integer
                0x0000000000429c38       0x7c networking/libiproute/lib.a(utils.o)
                0x0000000000429c38                get_integer
 .text.get_prefix_1
                0x0000000000429cb4      0x140 networking/libiproute/lib.a(utils.o)
                0x0000000000429cb4                get_prefix_1
 .text.get_prefix
                0x0000000000429df4       0x5c networking/libiproute/lib.a(utils.o)
                0x0000000000429df4                get_prefix
 .text.get_unsigned
                0x0000000000429e50       0x7c networking/libiproute/lib.a(utils.o)
                0x0000000000429e50                get_unsigned
 .text.free_main
                0x0000000000429ecc      0x228 procps/lib.a(free.o)
                0x0000000000429ecc                free_main
 .text.search_dev_inode
                0x000000000042a0f4       0x68 procps/lib.a(fuser.o)
 .text.file_to_dev_inode
                0x000000000042a15c       0x68 procps/lib.a(fuser.o)
 .text.add_inode
                0x000000000042a1c4       0xbc procps/lib.a(fuser.o)
 .text.scan_proc_net
                0x000000000042a280      0x1e8 procps/lib.a(fuser.o)
 .text.add_pid  0x000000000042a468       0x68 procps/lib.a(fuser.o)
 .text.scan_link
                0x000000000042a4d0       0x80 procps/lib.a(fuser.o)
 .text.scan_dir_links
                0x000000000042a550      0x104 procps/lib.a(fuser.o)
 .text.scan_pid_maps
                0x000000000042a654      0x158 procps/lib.a(fuser.o)
 .text.fuser_main
                0x000000000042a7ac      0x498 procps/lib.a(fuser.o)
                0x000000000042a7ac                fuser_main
 .text.kill_main
                0x000000000042ac44      0x4c4 procps/lib.a(kill.o)
                0x000000000042ac44                kill_main
 .text.pidof_main
                0x000000000042b108      0x204 procps/lib.a(pidof.o)
                0x000000000042b108                pidof_main
 .text.ps_main  0x000000000042b30c      0x1e4 procps/lib.a(ps.o)
                0x000000000042b30c                ps_main
 .text.renice_main
                0x000000000042b4f0      0x224 procps/lib.a(renice.o)
                0x000000000042b4f0                renice_main
 .text.sysctl_write_setting
                0x000000000042b714      0x250 procps/lib.a(sysctl.o)
 .text.sysctl_preload_file_and_exit
                0x000000000042b964      0x1b4 procps/lib.a(sysctl.o)
 .text.sysctl_read_setting
                0x000000000042bb18      0x258 procps/lib.a(sysctl.o)
 .text.sysctl_display_all
                0x000000000042bd70      0x148 procps/lib.a(sysctl.o)
 .text.sysctl_main
                0x000000000042beb8      0x104 procps/lib.a(sysctl.o)
                0x000000000042beb8                sysctl_main
 .text.pid_sort
                0x000000000042bfbc       0x10 procps/lib.a(top.o)
 .text.mem_sort
                0x000000000042bfcc       0x24 procps/lib.a(top.o)
 .text.pcpu_sort
                0x000000000042bff0       0x10 procps/lib.a(top.o)
 .text.time_sort
                0x000000000042c000       0x24 procps/lib.a(top.o)
 .text.mult_lvl_cmp
                0x000000000042c024       0x6c procps/lib.a(top.o)
 .text.topmem_sort
                0x000000000042c090       0x48 procps/lib.a(top.o)
 .text.reset_term
                0x000000000042c0d8       0x1c procps/lib.a(top.o)
 .text.fmt_100percent_8
                0x000000000042c0f4       0xcc procps/lib.a(top.o)
 .text.do_stats
                0x000000000042c1c0      0x2ac procps/lib.a(top.o)
 .text.display_process_list
                0x000000000042c46c      0x754 procps/lib.a(top.o)
 .text.grab_number
                0x000000000042cbc0       0x88 procps/lib.a(top.o)
 .text.ulltoa6_and_space
                0x000000000042cc48       0x3c procps/lib.a(top.o)
 .text.clearmems
                0x000000000042cc84       0x50 procps/lib.a(top.o)
 .text.sig_catcher
                0x000000000042ccd4       0x20 procps/lib.a(top.o)
 .text.display_topmem_process_list
                0x000000000042ccf4      0x624 procps/lib.a(top.o)
 .text.top_main
                0x000000000042d318      0x60c procps/lib.a(top.o)
                0x000000000042d318                top_main
 .text.uptime_main
                0x000000000042d924      0x1a4 procps/lib.a(uptime.o)
                0x000000000042d924                uptime_main
 .text.watch_main
                0x000000000042dac8      0x1dc procps/lib.a(watch.o)
                0x000000000042dac8                watch_main
 .text.stunalloc
                0x000000000042dca4       0x24 shell/lib.a(ash.o)
 .text.setstackmark
                0x000000000042dcc8       0x30 shell/lib.a(ash.o)
 .text.prefix   0x000000000042dcf8       0x30 shell/lib.a(ash.o)
 .text.is_number
                0x000000000042dd28       0x2c shell/lib.a(ash.o)
 .text.varcmp   0x000000000042dd54       0x4c shell/lib.a(ash.o)
 .text.varequal
                0x000000000042dda0       0x20 shell/lib.a(ash.o)
 .text.hashvar  0x000000000042ddc0       0x50 shell/lib.a(ash.o)
 .text.vpcmp    0x000000000042de10        0xc shell/lib.a(ash.o)
 .text.findvar  0x000000000042de1c       0x54 shell/lib.a(ash.o)
 .text.setprompt
                0x000000000042de70       0x58 shell/lib.a(ash.o)
 .text.set_curjob
                0x000000000042dec8       0x7c shell/lib.a(ash.o)
 .text.jobno    0x000000000042df44       0x24 shell/lib.a(ash.o)
 .text.getstatus
                0x000000000042df68       0x60 shell/lib.a(ash.o)
 .text.esclen   0x000000000042dfc8       0x28 shell/lib.a(ash.o)
 .text.falsecmd
                0x000000000042dff0        0x8 shell/lib.a(ash.o)
 .text.truecmd  0x000000000042dff8        0x8 shell/lib.a(ash.o)
 .text.bltincmd
                0x000000000042e000        0xc shell/lib.a(ash.o)
 .text.pungetc  0x000000000042e00c       0x24 shell/lib.a(ash.o)
 .text.changemail
                0x000000000042e030       0x10 shell/lib.a(ash.o)
 .text.change_lc_ctype
                0x000000000042e040       0x2c shell/lib.a(ash.o)
 .text.change_lc_all
                0x000000000042e06c       0x2c shell/lib.a(ash.o)
 .text.freealias
                0x000000000042e098       0x80 shell/lib.a(ash.o)
 .text.freeparam
                0x000000000042e118       0x80 shell/lib.a(ash.o)
 .text.freefunc
                0x000000000042e198       0x30 shell/lib.a(ash.o)
 .text.ignoresig
                0x000000000042e1c8       0x64 shell/lib.a(ash.o)
 .text.raise_exception
                0x000000000042e22c       0x38 shell/lib.a(ash.o)
 .text.raise_interrupt
                0x000000000042e264       0x8c shell/lib.a(ash.o)
 .text.int_on   0x000000000042e2f0       0x44 shell/lib.a(ash.o)
 .text.clearcmdentry
                0x000000000042e334       0xe4 shell/lib.a(ash.o)
 .text.changepath
                0x000000000042e418      0x154 shell/lib.a(ash.o)
 .text.popstackmark
                0x000000000042e56c       0xbc shell/lib.a(ash.o)
 .text.delete_cmd_entry
                0x000000000042e628       0x6c shell/lib.a(ash.o)
 .text.freejob  0x000000000042e694       0xc8 shell/lib.a(ash.o)
 .text.removerecordregions
                0x000000000042e75c      0x164 shell/lib.a(ash.o)
 .text.force_int_on
                0x000000000042e8c0       0x30 shell/lib.a(ash.o)
 .text.onsig    0x000000000042e8f0       0x64 shell/lib.a(ash.o)
 .text.__lookupalias
                0x000000000042e954       0xa8 shell/lib.a(ash.o)
 .text.unalias  0x000000000042e9fc       0x60 shell/lib.a(ash.o)
 .text.popstring
                0x000000000042ea5c       0xf4 shell/lib.a(ash.o)
 .text.popfile  0x000000000042eb50       0xc8 shell/lib.a(ash.o)
 .text.popallfiles
                0x000000000042ec18       0x44 shell/lib.a(ash.o)
 .text.lookupalias
                0x000000000042ec5c       0x44 shell/lib.a(ash.o)
 .text.pstrcmp  0x000000000042eca0       0x14 shell/lib.a(ash.o)
 .text.flush_stdout_stderr
                0x000000000042ecb4       0x5c shell/lib.a(ash.o)
 .text.flush_stderr
                0x000000000042ed10       0x3c shell/lib.a(ash.o)
 .text.outcslow
                0x000000000042ed4c       0x54 shell/lib.a(ash.o)
 .text.ash_vmsg
                0x000000000042eda0      0x130 shell/lib.a(ash.o)
 .text.ash_vmsg_and_raise
                0x000000000042eed0       0x2c shell/lib.a(ash.o)
 .text.ash_msg_and_raise_error
                0x000000000042eefc       0x2c shell/lib.a(ash.o)
 .text.copyfd   0x000000000042ef28       0x60 shell/lib.a(ash.o)
 .text.popredir
                0x000000000042ef88      0x154 shell/lib.a(ash.o)
 .text.clearredir
                0x000000000042f0dc       0x4c shell/lib.a(ash.o)
 .text.raise_error_syntax
                0x000000000042f128       0x18 shell/lib.a(ash.o)
 .text.nextopt  0x000000000042f140      0x108 shell/lib.a(ash.o)
 .text.unaliascmd
                0x000000000042f248      0x148 shell/lib.a(ash.o)
 .text.cdopt    0x000000000042f390       0x60 shell/lib.a(ash.o)
 .text.varunset
                0x000000000042f3f0       0x70 shell/lib.a(ash.o)
 .text.ash_msg_and_raise
                0x000000000042f460       0x20 shell/lib.a(ash.o)
 .text.showpipe
                0x000000000042f480       0x9c shell/lib.a(ash.o)
 .text.SIT      0x000000000042f51c       0xb8 shell/lib.a(ash.o)
 .text.lookupvar
                0x000000000042f5d4       0x68 shell/lib.a(ash.o)
 .text.bltinlookup
                0x000000000042f63c       0x7c shell/lib.a(ash.o)
 .text.ckrealloc
                0x000000000042f6b8       0x34 shell/lib.a(ash.o)
 .text.ckmalloc
                0x000000000042f6ec        0xc shell/lib.a(ash.o)
 .text.stalloc  0x000000000042f6f8       0xc4 shell/lib.a(ash.o)
 .text.ckzalloc
                0x000000000042f7bc       0x38 shell/lib.a(ash.o)
 .text.pushfile
                0x000000000042f7f4       0x70 shell/lib.a(ash.o)
 .text.recordregion
                0x000000000042f864       0xa0 shell/lib.a(ash.o)
 .text.stzalloc
                0x000000000042f904       0x38 shell/lib.a(ash.o)
 .text.makename
                0x000000000042f93c       0x3c shell/lib.a(ash.o)
 .text.fixredir
                0x000000000042f978       0x88 shell/lib.a(ash.o)
 .text.makejob  0x000000000042fa00      0x1e8 shell/lib.a(ash.o)
 .text.ckstrdup
                0x000000000042fbe8       0x34 shell/lib.a(ash.o)
 .text.setvareq
                0x000000000042fc1c      0x168 shell/lib.a(ash.o)
 .text.listsetvar
                0x000000000042fd84       0x70 shell/lib.a(ash.o)
 .text.setparam
                0x000000000042fdf4       0xa8 shell/lib.a(ash.o)
 .text.setinputstring
                0x000000000042fe9c       0x70 shell/lib.a(ash.o)
 .text.pushstring
                0x000000000042ff0c       0xd0 shell/lib.a(ash.o)
 .text.calcsize
                0x000000000042ffdc      0x140 shell/lib.a(ash.o)
 .text.sizenodelist
                0x000000000043011c       0x4c shell/lib.a(ash.o)
 .text.endofname
                0x0000000000430168       0x9c shell/lib.a(ash.o)
 .text.goodname
                0x0000000000430204       0x24 shell/lib.a(ash.o)
 .text.isassignment
                0x0000000000430228       0x3c shell/lib.a(ash.o)
 .text.setvar   0x0000000000430264      0x12c shell/lib.a(ash.o)
 .text.unsetvar
                0x0000000000430390       0xf0 shell/lib.a(ash.o)
 .text.growstackblock
                0x0000000000430480      0x144 shell/lib.a(ash.o)
 .text.makestrspace
                0x00000000004305c4       0x68 shell/lib.a(ash.o)
 .text.memtodest
                0x000000000043062c       0xe0 shell/lib.a(ash.o)
 .text.cmdputs  0x000000000043070c      0x288 shell/lib.a(ash.o)
 .text.cmdtxt   0x0000000000430994      0x33c shell/lib.a(ash.o)
 .text.cmdlist  0x0000000000430cd0       0x7c shell/lib.a(ash.o)
 .text.localcmd
                0x0000000000430d4c      0x194 shell/lib.a(ash.o)
 .text.stack_nputstr
                0x0000000000430ee0       0x54 shell/lib.a(ash.o)
 .text.stack_putstr
                0x0000000000430f34       0x44 shell/lib.a(ash.o)
 .text.ststrdup
                0x0000000000430f78       0x54 shell/lib.a(ash.o)
 .text.addfname
                0x0000000000430fcc       0x54 shell/lib.a(ash.o)
 .text.setpwd   0x0000000000431020      0x110 shell/lib.a(ash.o)
 .text.ash_msg  0x0000000000431130       0x30 shell/lib.a(ash.o)
 .text.outstr   0x0000000000431160       0x38 shell/lib.a(ash.o)
 .text.out1str  0x0000000000431198        0xc shell/lib.a(ash.o)
 .text.out2str  0x00000000004311a4       0x24 shell/lib.a(ash.o)
 .text.stoppedjobs
                0x00000000004311c8       0x64 shell/lib.a(ash.o)
 .text.out1fmt  0x000000000043122c       0x68 shell/lib.a(ash.o)
 .text.options  0x0000000000431294      0x2c8 shell/lib.a(ash.o)
 .text.printlim
                0x000000000043155c       0x80 shell/lib.a(ash.o)
 .text.pwdcmd   0x00000000004315dc       0x6c shell/lib.a(ash.o)
 .text.helpcmd  0x0000000000431648       0xd4 shell/lib.a(ash.o)
 .text.setinputfile
                0x000000000043171c      0x12c shell/lib.a(ash.o)
 .text.setsignal
                0x0000000000431848      0x21c shell/lib.a(ash.o)
 .text.xtcsetpgrp
                0x0000000000431a64       0x34 shell/lib.a(ash.o)
 .text.setjobctl
                0x0000000000431a98      0x258 shell/lib.a(ash.o)
 .text.optschanged
                0x0000000000431cf0       0xc8 shell/lib.a(ash.o)
 .text.pgetc    0x0000000000431db8      0x2fc shell/lib.a(ash.o)
 .text.pgetc2   0x00000000004320b4       0x2c shell/lib.a(ash.o)
 .text.growstackstr
                0x00000000004320e0       0x6c shell/lib.a(ash.o)
 .text._STPUTC  0x000000000043214c       0x44 shell/lib.a(ash.o)
 .text.listvars
                0x0000000000432190       0xf4 shell/lib.a(ash.o)
 .text.readcmd  0x0000000000432284      0x2bc shell/lib.a(ash.o)
 .text.tokname  0x0000000000432540       0x88 shell/lib.a(ash.o)
 .text.raise_error_unexpected_syntax
                0x00000000004325c8       0x8c shell/lib.a(ash.o)
 .text.findkwd  0x0000000000432654       0x3c shell/lib.a(ash.o)
 .text.find_builtin
                0x0000000000432690       0x3c shell/lib.a(ash.o)
 .text.number   0x00000000004326cc       0x44 shell/lib.a(ash.o)
 .text.shiftcmd
                0x0000000000432710       0xe0 shell/lib.a(ash.o)
 .text.returncmd
                0x00000000004327f0       0x38 shell/lib.a(ash.o)
 .text.exitcmd  0x0000000000432828       0x50 shell/lib.a(ash.o)
 .text.breakcmd
                0x0000000000432878       0x9c shell/lib.a(ash.o)
 .text.getjob   0x0000000000432914      0x1cc shell/lib.a(ash.o)
 .text.fmtstr   0x0000000000432ae0       0x6c shell/lib.a(ash.o)
 .text.sprint_status
                0x0000000000432b4c      0x118 shell/lib.a(ash.o)
 .text.dowait   0x0000000000432c64      0x1d8 shell/lib.a(ash.o)
 .text.waitcmd  0x0000000000432e3c      0x178 shell/lib.a(ash.o)
 .text.waitforjob
                0x0000000000432fb4       0xa8 shell/lib.a(ash.o)
 .text.fg_bgcmd
                0x000000000043305c      0x1a0 shell/lib.a(ash.o)
 .text.cvtnum   0x00000000004331fc       0x60 shell/lib.a(ash.o)
 .text.cmdlookup
                0x000000000043325c      0x110 shell/lib.a(ash.o)
 .text.unsetcmd
                0x000000000043336c       0xdc shell/lib.a(ash.o)
 .text.padvance
                0x0000000000433448      0x188 shell/lib.a(ash.o)
 .text.showjob  0x00000000004335d0      0x248 shell/lib.a(ash.o)
 .text.showjobs
                0x0000000000433818       0x8c shell/lib.a(ash.o)
 .text.jobscmd  0x00000000004338a4       0xc4 shell/lib.a(ash.o)
 .text.nodeckstrdup
                0x0000000000433968       0x70 shell/lib.a(ash.o)
 .text.copynode
                0x00000000004339d8      0x148 shell/lib.a(ash.o)
 .text.copynodelist
                0x0000000000433b20       0x74 shell/lib.a(ash.o)
 .text.umaskcmd
                0x0000000000433b94      0x228 shell/lib.a(ash.o)
 .text.ulimitcmd
                0x0000000000433dbc      0x2c4 shell/lib.a(ash.o)
 .text.single_quote
                0x0000000000434080      0x134 shell/lib.a(ash.o)
 .text.printalias
                0x00000000004341b4       0x40 shell/lib.a(ash.o)
 .text.aliascmd
                0x00000000004341f4      0x1cc shell/lib.a(ash.o)
 .text.errmsg   0x00000000004343c0       0x2c shell/lib.a(ash.o)
 .text.trapcmd  0x00000000004343ec      0x198 shell/lib.a(ash.o)
 .text.timescmd
                0x0000000000434584       0xe8 shell/lib.a(ash.o)
 .text.showvars
                0x000000000043466c      0x120 shell/lib.a(ash.o)
 .text.setcmd   0x000000000043478c       0x98 shell/lib.a(ash.o)
 .text.exportcmd
                0x0000000000434824      0x110 shell/lib.a(ash.o)
 .text.arith    0x0000000000434934      0x780 shell/lib.a(ash.o)
 .text.dash_arith
                0x00000000004350b4       0xa8 shell/lib.a(ash.o)
 .text.letcmd   0x000000000043515c       0x54 shell/lib.a(ash.o)
 .text.arith_lookup_val
                0x00000000004351b0       0xd4 shell/lib.a(ash.o)
 .text.killcmd  0x0000000000435284       0xfc shell/lib.a(ash.o)
 .text.tryexec  0x0000000000435380      0x144 shell/lib.a(ash.o)
 .text.shellexec
                0x00000000004354c4      0x158 shell/lib.a(ash.o)
 .text.execcmd  0x000000000043561c       0x5c shell/lib.a(ash.o)
 .text.echocmd  0x0000000000435678       0x10 shell/lib.a(ash.o)
 .text.cdcmd    0x0000000000435688      0x468 shell/lib.a(ash.o)
 .text.testcmd  0x0000000000435af0       0x10 shell/lib.a(ash.o)
 .text._rmescapes
                0x0000000000435b00      0x1b4 shell/lib.a(ash.o)
 .text.parsefname
                0x0000000000435cb4      0x1a0 shell/lib.a(ash.o)
 .text.parse_command
                0x0000000000435e54      0x6f8 shell/lib.a(ash.o)
 .text.pipeline
                0x000000000043654c      0x124 shell/lib.a(ash.o)
 .text.list     0x0000000000436670      0x218 shell/lib.a(ash.o)
 .text.readtoken1
                0x0000000000436888      0xe94 shell/lib.a(ash.o)
 .text.parseheredoc
                0x000000000043771c       0xd4 shell/lib.a(ash.o)
 .text.xxreadtoken
                0x00000000004377f0      0x260 shell/lib.a(ash.o)
 .text.readtoken
                0x0000000000437a50      0x12c shell/lib.a(ash.o)
 .text.peektoken
                0x0000000000437b7c       0x40 shell/lib.a(ash.o)
 .text.parsecmd
                0x0000000000437bbc       0x78 shell/lib.a(ash.o)
 .text.preglob  0x0000000000437c34       0x14 shell/lib.a(ash.o)
 .text.scanright
                0x0000000000437c48       0xfc shell/lib.a(ash.o)
 .text.scanleft
                0x0000000000437d44       0xd0 shell/lib.a(ash.o)
 .text.forkshell